test-tia	Set up job	Ôªø2025-12-04T00:14:36.4894064Z Current runner version: '2.329.0'
test-tia	Set up job	2025-12-04T00:14:36.4898698Z Runner name: 'eadapar197767'
test-tia	Set up job	2025-12-04T00:14:36.4899164Z Runner group name: 'Default'
test-tia	Set up job	2025-12-04T00:14:36.4899714Z Machine name: 'eadapar197767'
test-tia	Set up job	2025-12-04T00:14:36.4901549Z ##[group]GITHUB_TOKEN Permissions
test-tia	Set up job	2025-12-04T00:14:36.4903218Z Contents: read
test-tia	Set up job	2025-12-04T00:14:36.4903552Z Metadata: read
test-tia	Set up job	2025-12-04T00:14:36.4903859Z Packages: read
test-tia	Set up job	2025-12-04T00:14:36.4904225Z ##[endgroup]
test-tia	Set up job	2025-12-04T00:14:36.4905651Z Secret source: Actions
test-tia	Set up job	2025-12-04T00:14:36.4906076Z Prepare workflow directory
test-tia	Set up job	2025-12-04T00:14:36.5252417Z Prepare all required actions
test-tia	Set up job	2025-12-04T00:14:36.5283871Z Getting action download info
test-tia	Set up job	2025-12-04T00:14:37.2259977Z Download action repository 'actions/checkout@v4' (SHA:34e114876b0b11c390a56381ad16ebd13914f8d5)
test-tia	Set up job	2025-12-04T00:14:37.9711575Z Download action repository 'actions/cache@v3' (SHA:6f8efc29b200d32929f49075959781ed54ec270c)
test-tia	Set up job	2025-12-04T00:14:38.8985880Z Download action repository 'green-coding-solutions/eco-ci-energy-estimation@v4' (SHA:a2305b330063eddbf6fd758bb5a335a87c65d804)
test-tia	Set up job	2025-12-04T00:14:40.0466788Z Complete job name: test-tia
test-tia	Checkout Code	Ôªø2025-12-04T00:14:40.1313872Z ##[group]Run actions/checkout@v4
test-tia	Checkout Code	2025-12-04T00:14:40.1314571Z with:
test-tia	Checkout Code	2025-12-04T00:14:40.1314719Z   fetch-depth: 0
test-tia	Checkout Code	2025-12-04T00:14:40.1314881Z   repository: marceloamadeu/green-metrics-ci
test-tia	Checkout Code	2025-12-04T00:14:40.1315269Z   token: ***
test-tia	Checkout Code	2025-12-04T00:14:40.1315393Z   ssh-strict: true
test-tia	Checkout Code	2025-12-04T00:14:40.1315526Z   ssh-user: git
test-tia	Checkout Code	2025-12-04T00:14:40.1315662Z   persist-credentials: true
test-tia	Checkout Code	2025-12-04T00:14:40.1315815Z   clean: true
test-tia	Checkout Code	2025-12-04T00:14:40.1316073Z   sparse-checkout-cone-mode: true
test-tia	Checkout Code	2025-12-04T00:14:40.1316265Z   fetch-tags: false
test-tia	Checkout Code	2025-12-04T00:14:40.1316413Z   show-progress: true
test-tia	Checkout Code	2025-12-04T00:14:40.1316564Z   lfs: false
test-tia	Checkout Code	2025-12-04T00:14:40.1316782Z   submodules: false
test-tia	Checkout Code	2025-12-04T00:14:40.1316916Z   set-safe-directory: true
test-tia	Checkout Code	2025-12-04T00:14:40.1317225Z ##[endgroup]
test-tia	Checkout Code	2025-12-04T00:14:40.2188281Z Syncing repository: marceloamadeu/green-metrics-ci
test-tia	Checkout Code	2025-12-04T00:14:40.2189737Z ##[group]Getting Git version info
test-tia	Checkout Code	2025-12-04T00:14:40.2190208Z Working directory is '/media/marcelo/dev2/mestrado/green/actions-runner/_work/green-metrics-ci/green-metrics-ci'
test-tia	Checkout Code	2025-12-04T00:14:40.2190811Z [command]/usr/bin/git version
test-tia	Checkout Code	2025-12-04T00:14:40.2191000Z git version 2.48.1
test-tia	Checkout Code	2025-12-04T00:14:40.2220933Z ##[endgroup]
test-tia	Checkout Code	2025-12-04T00:14:40.2231471Z Copying '/home/marcelo/.gitconfig' to '/media/marcelo/dev2/mestrado/green/actions-runner/_work/_temp/c687acb7-bf66-4032-96a3-a2aad9a2fcdc/.gitconfig'
test-tia	Checkout Code	2025-12-04T00:14:40.2247778Z Temporarily overriding HOME='/media/marcelo/dev2/mestrado/green/actions-runner/_work/_temp/c687acb7-bf66-4032-96a3-a2aad9a2fcdc' before making global git config changes
test-tia	Checkout Code	2025-12-04T00:14:40.2248479Z Adding repository directory to the temporary git global config as a safe directory
test-tia	Checkout Code	2025-12-04T00:14:40.2251210Z [command]/usr/bin/git config --global --add safe.directory /media/marcelo/dev2/mestrado/green/actions-runner/_work/green-metrics-ci/green-metrics-ci
test-tia	Checkout Code	2025-12-04T00:14:40.2282972Z [command]/usr/bin/git config --local --get remote.origin.url
test-tia	Checkout Code	2025-12-04T00:14:40.2300277Z https://github.com/marceloamadeu/green-metrics-ci
test-tia	Checkout Code	2025-12-04T00:14:40.2313156Z ##[group]Removing previously created refs, to avoid conflicts
test-tia	Checkout Code	2025-12-04T00:14:40.2317721Z [command]/usr/bin/git rev-parse --symbolic-full-name --verify --quiet HEAD
test-tia	Checkout Code	2025-12-04T00:14:40.2340611Z refs/heads/main
test-tia	Checkout Code	2025-12-04T00:14:40.2348377Z [command]/usr/bin/git checkout --detach
test-tia	Checkout Code	2025-12-04T00:14:40.2372461Z HEAD is now at 45fec4d -
test-tia	Checkout Code	2025-12-04T00:14:40.2402780Z [command]/usr/bin/git branch --delete --force main
test-tia	Checkout Code	2025-12-04T00:14:40.2422810Z Deleted branch main (was 45fec4d).
test-tia	Checkout Code	2025-12-04T00:14:40.2448917Z ##[endgroup]
test-tia	Checkout Code	2025-12-04T00:14:40.2451991Z [command]/usr/bin/git submodule status
test-tia	Checkout Code	2025-12-04T00:14:40.2605044Z ##[group]Cleaning the repository
test-tia	Checkout Code	2025-12-04T00:14:40.2617809Z [command]/usr/bin/git clean -ffdx
test-tia	Checkout Code	2025-12-04T00:14:40.4410440Z Removing .pytest_cache/
test-tia	Checkout Code	2025-12-04T00:14:40.4410834Z Removing src/__pycache__/
test-tia	Checkout Code	2025-12-04T00:14:40.4411014Z Removing venv/
test-tia	Checkout Code	2025-12-04T00:14:40.4418249Z [command]/usr/bin/git reset --hard HEAD
test-tia	Checkout Code	2025-12-04T00:14:40.4444487Z HEAD is now at 45fec4d -
test-tia	Checkout Code	2025-12-04T00:14:40.4447541Z ##[endgroup]
test-tia	Checkout Code	2025-12-04T00:14:40.4448299Z ##[group]Disabling automatic garbage collection
test-tia	Checkout Code	2025-12-04T00:14:40.4452424Z [command]/usr/bin/git config --local gc.auto 0
test-tia	Checkout Code	2025-12-04T00:14:40.4474863Z ##[endgroup]
test-tia	Checkout Code	2025-12-04T00:14:40.4475150Z ##[group]Setting up auth
test-tia	Checkout Code	2025-12-04T00:14:40.4479943Z [command]/usr/bin/git config --local --name-only --get-regexp core\.sshCommand
test-tia	Checkout Code	2025-12-04T00:14:40.4508460Z [command]/usr/bin/git submodule foreach --recursive sh -c "git config --local --name-only --get-regexp 'core\.sshCommand' && git config --local --unset-all 'core.sshCommand' || :"
test-tia	Checkout Code	2025-12-04T00:14:40.4654662Z [command]/usr/bin/git config --local --name-only --get-regexp http\.https\:\/\/github\.com\/\.extraheader
test-tia	Checkout Code	2025-12-04T00:14:40.4687593Z [command]/usr/bin/git submodule foreach --recursive sh -c "git config --local --name-only --get-regexp 'http\.https\:\/\/github\.com\/\.extraheader' && git config --local --unset-all 'http.https://github.com/.extraheader' || :"
test-tia	Checkout Code	2025-12-04T00:14:40.4854782Z [command]/usr/bin/git config --local --name-only --get-regexp ^includeIf\.gitdir:
test-tia	Checkout Code	2025-12-04T00:14:40.4881220Z [command]/usr/bin/git submodule foreach --recursive git config --local --show-origin --name-only --get-regexp remote.origin.url
test-tia	Checkout Code	2025-12-04T00:14:40.5040405Z [command]/usr/bin/git config --local http.https://github.com/.extraheader AUTHORIZATION: basic ***
test-tia	Checkout Code	2025-12-04T00:14:40.5069630Z ##[endgroup]
test-tia	Checkout Code	2025-12-04T00:14:40.5069960Z ##[group]Fetching the repository
test-tia	Checkout Code	2025-12-04T00:14:40.5075996Z [command]/usr/bin/git -c protocol.version=2 fetch --prune --no-recurse-submodules --unshallow origin +refs/heads/*:refs/remotes/origin/* +refs/tags/*:refs/tags/*
test-tia	Checkout Code	2025-12-04T00:14:41.0611417Z [command]/usr/bin/git branch --list --remote origin/main
test-tia	Checkout Code	2025-12-04T00:14:41.0634727Z   origin/main
test-tia	Checkout Code	2025-12-04T00:14:41.0646266Z [command]/usr/bin/git rev-parse refs/remotes/origin/main
test-tia	Checkout Code	2025-12-04T00:14:41.0670984Z 45fec4db4db03fdad89655125f7c3ab7e48db607
test-tia	Checkout Code	2025-12-04T00:14:41.0675420Z ##[endgroup]
test-tia	Checkout Code	2025-12-04T00:14:41.0675787Z ##[group]Determining the checkout info
test-tia	Checkout Code	2025-12-04T00:14:41.0677442Z ##[endgroup]
test-tia	Checkout Code	2025-12-04T00:14:41.0685051Z [command]/usr/bin/git sparse-checkout disable
test-tia	Checkout Code	2025-12-04T00:14:41.0729723Z [command]/usr/bin/git config --local --unset-all extensions.worktreeConfig
test-tia	Checkout Code	2025-12-04T00:14:41.0754436Z ##[group]Checking out the ref
test-tia	Checkout Code	2025-12-04T00:14:41.0757462Z [command]/usr/bin/git checkout --progress --force -B main refs/remotes/origin/main
test-tia	Checkout Code	2025-12-04T00:14:41.0782223Z Switched to a new branch 'main'
test-tia	Checkout Code	2025-12-04T00:14:41.0782570Z branch 'main' set up to track 'origin/main'.
test-tia	Checkout Code	2025-12-04T00:14:41.0786313Z ##[endgroup]
test-tia	Checkout Code	2025-12-04T00:14:41.0814025Z [command]/usr/bin/git log -1 --format=%H
test-tia	Checkout Code	2025-12-04T00:14:41.0837396Z 45fec4db4db03fdad89655125f7c3ab7e48db607
test-tia	Restaurar Cache TIA	Ôªø2025-12-04T00:14:41.0978447Z ##[group]Run actions/cache/restore@v3
test-tia	Restaurar Cache TIA	2025-12-04T00:14:41.0978678Z with:
test-tia	Restaurar Cache TIA	2025-12-04T00:14:41.0978799Z   path: .testmondata
test-tia	Restaurar Cache TIA	2025-12-04T00:14:41.0978965Z   key: testmon-Linux-refs/heads/main
test-tia	Restaurar Cache TIA	2025-12-04T00:14:41.0979143Z   restore-keys: testmon-Linux-
test-tia	Restaurar Cache TIA	
test-tia	Restaurar Cache TIA	2025-12-04T00:14:41.0979323Z   enableCrossOsArchive: false
test-tia	Restaurar Cache TIA	2025-12-04T00:14:41.0979487Z   fail-on-cache-miss: false
test-tia	Restaurar Cache TIA	2025-12-04T00:14:41.0979635Z   lookup-only: false
test-tia	Restaurar Cache TIA	2025-12-04T00:14:41.0979770Z ##[endgroup]
test-tia	Restaurar Cache TIA	2025-12-04T00:14:41.7245959Z Cache hit for restore-key: testmon-Linux-refs/heads/main-19913067422
test-tia	Restaurar Cache TIA	2025-12-04T00:14:42.4142298Z Received 2861 of 2861 (100.0%), 0.0 MBs/sec
test-tia	Restaurar Cache TIA	2025-12-04T00:14:42.4142794Z Cache Size: ~0 MB (2861 B)
test-tia	Restaurar Cache TIA	2025-12-04T00:14:42.4174399Z [command]/usr/bin/tar -xf /media/marcelo/dev2/mestrado/green/actions-runner/_work/_temp/011a15a2-c591-445e-8c2a-e00a75d3c2c9/cache.tzst -P -C /media/marcelo/dev2/mestrado/green/actions-runner/_work/green-metrics-ci/green-metrics-ci --use-compress-program unzstd
test-tia	Restaurar Cache TIA	2025-12-04T00:14:42.4206393Z Cache restored successfully
test-tia	Restaurar Cache TIA	2025-12-04T00:14:42.4265439Z Cache restored from key: testmon-Linux-refs/heads/main-19913067422
test-tia	Setup Python (System)	Ôªø2025-12-04T00:14:42.4343677Z ##[group]Run python3 -m venv venv
test-tia	Setup Python (System)	2025-12-04T00:14:42.4344119Z [36;1mpython3 -m venv venv[0m
test-tia	Setup Python (System)	2025-12-04T00:14:42.4344397Z [36;1mecho "$GITHUB_WORKSPACE/venv/bin" >> $GITHUB_PATH[0m
test-tia	Setup Python (System)	2025-12-04T00:14:42.4368430Z shell: /usr/bin/bash -e {0}
test-tia	Setup Python (System)	2025-12-04T00:14:42.4368703Z ##[endgroup]
test-tia	Install Dependencies	Ôªø2025-12-04T00:14:44.2263263Z ##[group]Run pip install -r requirements.txt
test-tia	Install Dependencies	2025-12-04T00:14:44.2263525Z [36;1mpip install -r requirements.txt[0m
test-tia	Install Dependencies	2025-12-04T00:14:44.2285382Z shell: /usr/bin/bash -e {0}
test-tia	Install Dependencies	2025-12-04T00:14:44.2285650Z ##[endgroup]
test-tia	Install Dependencies	2025-12-04T00:14:44.5543676Z Collecting pytest==7.4.3 (from -r requirements.txt (line 2))
test-tia	Install Dependencies	2025-12-04T00:14:44.5554291Z   Using cached pytest-7.4.3-py3-none-any.whl.metadata (7.9 kB)
test-tia	Install Dependencies	2025-12-04T00:14:44.5876313Z Collecting pytest-xdist==3.5.0 (from -r requirements.txt (line 3))
test-tia	Install Dependencies	2025-12-04T00:14:44.5884184Z   Using cached pytest_xdist-3.5.0-py3-none-any.whl.metadata (3.1 kB)
test-tia	Install Dependencies	2025-12-04T00:14:44.6176952Z Collecting pytest-testmon==2.1.1 (from -r requirements.txt (line 4))
test-tia	Install Dependencies	2025-12-04T00:14:44.6185531Z   Using cached pytest_testmon-2.1.1-py3-none-any.whl.metadata (2.0 kB)
test-tia	Install Dependencies	2025-12-04T00:14:44.6431535Z Collecting pytest-cov==4.1.0 (from -r requirements.txt (line 5))
test-tia	Install Dependencies	2025-12-04T00:14:44.6439297Z   Using cached pytest_cov-4.1.0-py3-none-any.whl.metadata (26 kB)
test-tia	Install Dependencies	2025-12-04T00:14:44.7306326Z Collecting pandas==2.1.4 (from -r requirements.txt (line 8))
test-tia	Install Dependencies	2025-12-04T00:14:44.7314514Z   Using cached pandas-2.1.4-cp312-cp312-manylinux_2_17_x86_64.manylinux2014_x86_64.whl.metadata (18 kB)
test-tia	Install Dependencies	2025-12-04T00:14:44.8228532Z Collecting matplotlib==3.8.2 (from -r requirements.txt (line 9))
test-tia	Install Dependencies	2025-12-04T00:14:44.8236848Z   Using cached matplotlib-3.8.2-cp312-cp312-manylinux_2_17_x86_64.manylinux2014_x86_64.whl.metadata (5.8 kB)
test-tia	Install Dependencies	2025-12-04T00:14:44.8448877Z Collecting seaborn==0.13.0 (from -r requirements.txt (line 10))
test-tia	Install Dependencies	2025-12-04T00:14:44.8457301Z   Using cached seaborn-0.13.0-py3-none-any.whl.metadata (5.3 kB)
test-tia	Install Dependencies	2025-12-04T00:14:44.9258379Z Collecting scipy==1.11.4 (from -r requirements.txt (line 11))
test-tia	Install Dependencies	2025-12-04T00:14:44.9266805Z   Using cached scipy-1.11.4-cp312-cp312-manylinux_2_17_x86_64.manylinux2014_x86_64.whl.metadata (60 kB)
test-tia	Install Dependencies	2025-12-04T00:14:45.0392037Z Collecting numpy==1.26.2 (from -r requirements.txt (line 12))
test-tia	Install Dependencies	2025-12-04T00:14:45.0400158Z   Using cached numpy-1.26.2-cp312-cp312-manylinux_2_17_x86_64.manylinux2014_x86_64.whl.metadata (61 kB)
test-tia	Install Dependencies	2025-12-04T00:14:45.0678696Z Collecting iniconfig (from pytest==7.4.3->-r requirements.txt (line 2))
test-tia	Install Dependencies	2025-12-04T00:14:45.0687385Z   Using cached iniconfig-2.3.0-py3-none-any.whl.metadata (2.5 kB)
test-tia	Install Dependencies	2025-12-04T00:14:45.0931713Z Collecting packaging (from pytest==7.4.3->-r requirements.txt (line 2))
test-tia	Install Dependencies	2025-12-04T00:14:45.0940613Z   Using cached packaging-25.0-py3-none-any.whl.metadata (3.3 kB)
test-tia	Install Dependencies	2025-12-04T00:14:45.1155681Z Collecting pluggy<2.0,>=0.12 (from pytest==7.4.3->-r requirements.txt (line 2))
test-tia	Install Dependencies	2025-12-04T00:14:45.1167642Z   Using cached pluggy-1.6.0-py3-none-any.whl.metadata (4.8 kB)
test-tia	Install Dependencies	2025-12-04T00:14:45.1398677Z Collecting execnet>=1.1 (from pytest-xdist==3.5.0->-r requirements.txt (line 3))
test-tia	Install Dependencies	2025-12-04T00:14:45.1406013Z   Using cached execnet-2.1.2-py3-none-any.whl.metadata (2.9 kB)
test-tia	Install Dependencies	2025-12-04T00:14:45.3679106Z Collecting coverage<8,>=6 (from pytest-testmon==2.1.1->-r requirements.txt (line 4))
test-tia	Install Dependencies	2025-12-04T00:14:45.3688625Z   Using cached coverage-7.12.0-cp312-cp312-manylinux1_x86_64.manylinux_2_28_x86_64.manylinux_2_5_x86_64.whl.metadata (9.1 kB)
test-tia	Install Dependencies	2025-12-04T00:14:45.4226767Z Collecting python-dateutil>=2.8.2 (from pandas==2.1.4->-r requirements.txt (line 8))
test-tia	Install Dependencies	2025-12-04T00:14:45.4235974Z   Using cached python_dateutil-2.9.0.post0-py2.py3-none-any.whl.metadata (8.4 kB)
test-tia	Install Dependencies	2025-12-04T00:14:45.4637058Z Collecting pytz>=2020.1 (from pandas==2.1.4->-r requirements.txt (line 8))
test-tia	Install Dependencies	2025-12-04T00:14:45.4644716Z   Using cached pytz-2025.2-py2.py3-none-any.whl.metadata (22 kB)
test-tia	Install Dependencies	2025-12-04T00:14:45.4922564Z Collecting tzdata>=2022.1 (from pandas==2.1.4->-r requirements.txt (line 8))
test-tia	Install Dependencies	2025-12-04T00:14:45.4932338Z   Using cached tzdata-2025.2-py2.py3-none-any.whl.metadata (1.4 kB)
test-tia	Install Dependencies	2025-12-04T00:14:45.5637706Z Collecting contourpy>=1.0.1 (from matplotlib==3.8.2->-r requirements.txt (line 9))
test-tia	Install Dependencies	2025-12-04T00:14:45.5645967Z   Using cached contourpy-1.3.3-cp312-cp312-manylinux_2_27_x86_64.manylinux_2_28_x86_64.whl.metadata (5.5 kB)
test-tia	Install Dependencies	2025-12-04T00:14:45.5883856Z Collecting cycler>=0.10 (from matplotlib==3.8.2->-r requirements.txt (line 9))
test-tia	Install Dependencies	2025-12-04T00:14:45.5891322Z   Using cached cycler-0.12.1-py3-none-any.whl.metadata (3.8 kB)
test-tia	Install Dependencies	2025-12-04T00:14:45.6857415Z Collecting fonttools>=4.22.0 (from matplotlib==3.8.2->-r requirements.txt (line 9))
test-tia	Install Dependencies	2025-12-04T00:14:45.6865975Z   Using cached fonttools-4.61.0-cp312-cp312-manylinux1_x86_64.manylinux2014_x86_64.manylinux_2_17_x86_64.manylinux_2_5_x86_64.whl.metadata (113 kB)
test-tia	Install Dependencies	2025-12-04T00:14:45.7403931Z Collecting kiwisolver>=1.3.1 (from matplotlib==3.8.2->-r requirements.txt (line 9))
test-tia	Install Dependencies	2025-12-04T00:14:45.7412026Z   Using cached kiwisolver-1.4.9-cp312-cp312-manylinux2014_x86_64.manylinux_2_17_x86_64.whl.metadata (6.3 kB)
test-tia	Install Dependencies	2025-12-04T00:14:45.8456027Z Collecting pillow>=8 (from matplotlib==3.8.2->-r requirements.txt (line 9))
test-tia	Install Dependencies	2025-12-04T00:14:45.8464858Z   Using cached pillow-12.0.0-cp312-cp312-manylinux_2_27_x86_64.manylinux_2_28_x86_64.whl.metadata (8.8 kB)
test-tia	Install Dependencies	2025-12-04T00:14:45.8778905Z Collecting pyparsing>=2.3.1 (from matplotlib==3.8.2->-r requirements.txt (line 9))
test-tia	Install Dependencies	2025-12-04T00:14:45.8787742Z   Using cached pyparsing-3.2.5-py3-none-any.whl.metadata (5.0 kB)
test-tia	Install Dependencies	2025-12-04T00:14:45.9315621Z Collecting six>=1.5 (from python-dateutil>=2.8.2->pandas==2.1.4->-r requirements.txt (line 8))
test-tia	Install Dependencies	2025-12-04T00:14:45.9323234Z   Using cached six-1.17.0-py2.py3-none-any.whl.metadata (1.7 kB)
test-tia	Install Dependencies	2025-12-04T00:14:45.9369615Z Using cached pytest-7.4.3-py3-none-any.whl (325 kB)
test-tia	Install Dependencies	2025-12-04T00:14:45.9377617Z Using cached pytest_xdist-3.5.0-py3-none-any.whl (42 kB)
test-tia	Install Dependencies	2025-12-04T00:14:45.9383996Z Using cached pytest_testmon-2.1.1-py3-none-any.whl (22 kB)
test-tia	Install Dependencies	2025-12-04T00:14:45.9390426Z Using cached pytest_cov-4.1.0-py3-none-any.whl (21 kB)
test-tia	Install Dependencies	2025-12-04T00:14:45.9397025Z Using cached pandas-2.1.4-cp312-cp312-manylinux_2_17_x86_64.manylinux2014_x86_64.whl (11.7 MB)
test-tia	Install Dependencies	2025-12-04T00:14:45.9445313Z Using cached matplotlib-3.8.2-cp312-cp312-manylinux_2_17_x86_64.manylinux2014_x86_64.whl (11.6 MB)
test-tia	Install Dependencies	2025-12-04T00:14:45.9486699Z Using cached seaborn-0.13.0-py3-none-any.whl (294 kB)
test-tia	Install Dependencies	2025-12-04T00:14:45.9495054Z Using cached scipy-1.11.4-cp312-cp312-manylinux_2_17_x86_64.manylinux2014_x86_64.whl (35.8 MB)
test-tia	Install Dependencies	2025-12-04T00:14:45.9610402Z Using cached numpy-1.26.2-cp312-cp312-manylinux_2_17_x86_64.manylinux2014_x86_64.whl (17.9 MB)
test-tia	Install Dependencies	2025-12-04T00:14:45.9675125Z Using cached contourpy-1.3.3-cp312-cp312-manylinux_2_27_x86_64.manylinux_2_28_x86_64.whl (362 kB)
test-tia	Install Dependencies	2025-12-04T00:14:45.9685552Z Using cached coverage-7.12.0-cp312-cp312-manylinux1_x86_64.manylinux_2_28_x86_64.manylinux_2_5_x86_64.whl (252 kB)
test-tia	Install Dependencies	2025-12-04T00:14:45.9693529Z Using cached cycler-0.12.1-py3-none-any.whl (8.3 kB)
test-tia	Install Dependencies	2025-12-04T00:14:45.9699955Z Using cached execnet-2.1.2-py3-none-any.whl (40 kB)
test-tia	Install Dependencies	2025-12-04T00:14:45.9706858Z Using cached fonttools-4.61.0-cp312-cp312-manylinux1_x86_64.manylinux2014_x86_64.manylinux_2_17_x86_64.manylinux_2_5_x86_64.whl (4.9 MB)
test-tia	Install Dependencies	2025-12-04T00:14:45.9727367Z Using cached kiwisolver-1.4.9-cp312-cp312-manylinux2014_x86_64.manylinux_2_17_x86_64.whl (1.5 MB)
test-tia	Install Dependencies	2025-12-04T00:14:45.9737467Z Using cached packaging-25.0-py3-none-any.whl (66 kB)
test-tia	Install Dependencies	2025-12-04T00:14:45.9744870Z Using cached pillow-12.0.0-cp312-cp312-manylinux_2_27_x86_64.manylinux_2_28_x86_64.whl (7.0 MB)
test-tia	Install Dependencies	2025-12-04T00:14:45.9771369Z Using cached pluggy-1.6.0-py3-none-any.whl (20 kB)
test-tia	Install Dependencies	2025-12-04T00:14:45.9777716Z Using cached pyparsing-3.2.5-py3-none-any.whl (113 kB)
test-tia	Install Dependencies	2025-12-04T00:14:45.9785692Z Using cached python_dateutil-2.9.0.post0-py2.py3-none-any.whl (229 kB)
test-tia	Install Dependencies	2025-12-04T00:14:45.9792857Z Using cached pytz-2025.2-py2.py3-none-any.whl (509 kB)
test-tia	Install Dependencies	2025-12-04T00:14:45.9801109Z Using cached tzdata-2025.2-py2.py3-none-any.whl (347 kB)
test-tia	Install Dependencies	2025-12-04T00:14:45.9810077Z Using cached iniconfig-2.3.0-py3-none-any.whl (7.5 kB)
test-tia	Install Dependencies	2025-12-04T00:14:45.9815898Z Using cached six-1.17.0-py2.py3-none-any.whl (11 kB)
test-tia	Install Dependencies	2025-12-04T00:14:46.1564424Z Installing collected packages: pytz, tzdata, six, pyparsing, pluggy, pillow, packaging, numpy, kiwisolver, iniconfig, fonttools, execnet, cycler, coverage, scipy, python-dateutil, pytest, contourpy, pytest-xdist, pytest-testmon, pytest-cov, pandas, matplotlib, seaborn
test-tia	Install Dependencies	2025-12-04T00:14:59.0650875Z Successfully installed contourpy-1.3.3 coverage-7.12.0 cycler-0.12.1 execnet-2.1.2 fonttools-4.61.0 iniconfig-2.3.0 kiwisolver-1.4.9 matplotlib-3.8.2 numpy-1.26.2 packaging-25.0 pandas-2.1.4 pillow-12.0.0 pluggy-1.6.0 pyparsing-3.2.5 pytest-7.4.3 pytest-cov-4.1.0 pytest-testmon-2.1.1 pytest-xdist-3.5.0 python-dateutil-2.9.0.post0 pytz-2025.2 scipy-1.11.4 seaborn-0.13.0 six-1.17.0 tzdata-2025.2
test-tia	Iniciar Medi√ß√£o (Eco-CI)	Ôªø2025-12-04T00:14:59.1928329Z ##[group]Run green-coding-solutions/eco-ci-energy-estimation@v4
test-tia	Iniciar Medi√ß√£o (Eco-CI)	2025-12-04T00:14:59.1928582Z with:
test-tia	Iniciar Medi√ß√£o (Eco-CI)	2025-12-04T00:14:59.1928707Z   task: start-measurement
test-tia	Iniciar Medi√ß√£o (Eco-CI)	2025-12-04T00:14:59.1928851Z   label: tia-run
test-tia	Iniciar Medi√ß√£o (Eco-CI)	2025-12-04T00:14:59.1928986Z   branch: main
test-tia	Iniciar Medi√ß√£o (Eco-CI)	2025-12-04T00:14:59.1929155Z   machine-power-data: github_EPYC_7763_4_CPU_shared.sh
test-tia	Iniciar Medi√ß√£o (Eco-CI)	2025-12-04T00:14:59.1929347Z   send-data: true
test-tia	Iniciar Medi√ß√£o (Eco-CI)	2025-12-04T00:14:59.1929476Z   calculate-co2: true
test-tia	Iniciar Medi√ß√£o (Eco-CI)	2025-12-04T00:14:59.1929607Z   display-table: true
test-tia	Iniciar Medi√ß√£o (Eco-CI)	2025-12-04T00:14:59.1929740Z   display-badge: true
test-tia	Iniciar Medi√ß√£o (Eco-CI)	2025-12-04T00:14:59.1929873Z   pr-comment: false
test-tia	Iniciar Medi√ß√£o (Eco-CI)	2025-12-04T00:14:59.1930004Z   json-output: false
test-tia	Iniciar Medi√ß√£o (Eco-CI)	2025-12-04T00:14:59.1930157Z   gh-api-base: https://api.github.com
test-tia	Iniciar Medi√ß√£o (Eco-CI)	2025-12-04T00:14:59.1930334Z   type: machine.ci
test-tia	Iniciar Medi√ß√£o (Eco-CI)	2025-12-04T00:14:59.1930462Z   project: CI/CD
test-tia	Iniciar Medi√ß√£o (Eco-CI)	2025-12-04T00:14:59.1930708Z   machine: ubuntu-latest
test-tia	Iniciar Medi√ß√£o (Eco-CI)	2025-12-04T00:14:59.1930937Z   api-endpoint-add: https://api.green-coding.io/v2/ci/measurement/add
test-tia	Iniciar Medi√ß√£o (Eco-CI)	2025-12-04T00:14:59.1931316Z   api-endpoint-badge-get: https://api.green-coding.io/v1/ci/badge/get
test-tia	Iniciar Medi√ß√£o (Eco-CI)	2025-12-04T00:14:59.1931603Z   dashboard-url: https://metrics.green-coding.io
test-tia	Iniciar Medi√ß√£o (Eco-CI)	2025-12-04T00:14:59.1931794Z ##[endgroup]
test-tia	Iniciar Medi√ß√£o (Eco-CI)	2025-12-04T00:14:59.2024959Z ##[group]Run workflow_id="03-TIA (Test Impact Analysis)"
test-tia	Iniciar Medi√ß√£o (Eco-CI)	2025-12-04T00:14:59.2025255Z [36;1mworkflow_id="03-TIA (Test Impact Analysis)"[0m
test-tia	Iniciar Medi√ß√£o (Eco-CI)	2025-12-04T00:14:59.2025506Z [36;1mworkflow_name="03-TIA (Test Impact Analysis)"[0m
test-tia	Iniciar Medi√ß√£o (Eco-CI)	2025-12-04T00:14:59.2025708Z [36;1m[0m
test-tia	Iniciar Medi√ß√£o (Eco-CI)	2025-12-04T00:14:59.2025837Z [36;1mif true; then[0m
test-tia	Iniciar Medi√ß√£o (Eco-CI)	2025-12-04T00:14:59.2026593Z [36;1m  workflow_id=$(curl -s -H "Authorization: ***" https://api.github.com/repos/marceloamadeu/green-metrics-ci/actions/runs/19913089911 | jq -r .workflow_id)[0m
test-tia	Iniciar Medi√ß√£o (Eco-CI)	2025-12-04T00:14:59.2027043Z [36;1mfi[0m
test-tia	Iniciar Medi√ß√£o (Eco-CI)	2025-12-04T00:14:59.2027165Z [36;1m[0m
test-tia	Iniciar Medi√ß√£o (Eco-CI)	2025-12-04T00:14:59.2027320Z [36;1mworkflow_id=${workflow_id:-"not_set"}[0m
test-tia	Iniciar Medi√ß√£o (Eco-CI)	2025-12-04T00:14:59.2027547Z [36;1mworkflow_name=${workflow_name:-"not_set"}[0m
test-tia	Iniciar Medi√ß√£o (Eco-CI)	2025-12-04T00:14:59.2027733Z [36;1m[0m
test-tia	Iniciar Medi√ß√£o (Eco-CI)	2025-12-04T00:14:59.2029274Z [36;1m/media/marcelo/dev2/mestrado/green/actions-runner/_work/_actions/green-coding-solutions/eco-ci-energy-estimation/v4/scripts/setup.sh start_measurement "github_EPYC_7763_4_CPU_shared.sh" "19913089911" "main" "marceloamadeu/green-metrics-ci" "$workflow_id" "$workflow_name" "45fec4db4db03fdad89655125f7c3ab7e48db607" "github" "true" "machine.ci" "CI/CD" "ubuntu-latest" "" "true" "" "" "false" "https://api.green-coding.io/v2/ci/measurement/add" "https://api.green-coding.io/v1/ci/badge/get" "https://metrics.green-coding.io"[0m
test-tia	Iniciar Medi√ß√£o (Eco-CI)	2025-12-04T00:14:59.2056066Z shell: /usr/bin/bash --noprofile --norc -e -o pipefail {0}
test-tia	Iniciar Medi√ß√£o (Eco-CI)	2025-12-04T00:14:59.2056402Z ##[endgroup]
test-tia	Iniciar Medi√ß√£o (Eco-CI)	2025-12-04T00:14:59.5446843Z 1764807299543230
test-tia	Iniciar Medi√ß√£o (Eco-CI)	2025-12-04T00:14:59.5790094Z Machine has following CPU Model model name	: 11th Gen Intel(R) Core(TM) i5-11500 @ 2.70GHz
test-tia	Iniciar Medi√ß√£o (Eco-CI)	2025-12-04T00:14:59.5790619Z model name	: 11th Gen Intel(R) Core(TM) i5-11500 @ 2.70GHz
test-tia	Iniciar Medi√ß√£o (Eco-CI)	2025-12-04T00:14:59.5790867Z model name	: 11th Gen Intel(R) Core(TM) i5-11500 @ 2.70GHz
test-tia	Iniciar Medi√ß√£o (Eco-CI)	2025-12-04T00:14:59.5791119Z model name	: 11th Gen Intel(R) Core(TM) i5-11500 @ 2.70GHz
test-tia	Iniciar Medi√ß√£o (Eco-CI)	2025-12-04T00:14:59.5791386Z model name	: 11th Gen Intel(R) Core(TM) i5-11500 @ 2.70GHz
test-tia	Iniciar Medi√ß√£o (Eco-CI)	2025-12-04T00:14:59.5791629Z model name	: 11th Gen Intel(R) Core(TM) i5-11500 @ 2.70GHz
test-tia	Iniciar Medi√ß√£o (Eco-CI)	2025-12-04T00:14:59.5791859Z model name	: 11th Gen Intel(R) Core(TM) i5-11500 @ 2.70GHz
test-tia	Iniciar Medi√ß√£o (Eco-CI)	2025-12-04T00:14:59.5792360Z model name	: 11th Gen Intel(R) Core(TM) i5-11500 @ 2.70GHz
test-tia	Iniciar Medi√ß√£o (Eco-CI)	2025-12-04T00:14:59.5792599Z model name	: 11th Gen Intel(R) Core(TM) i5-11500 @ 2.70GHz
test-tia	Iniciar Medi√ß√£o (Eco-CI)	2025-12-04T00:14:59.5792839Z model name	: 11th Gen Intel(R) Core(TM) i5-11500 @ 2.70GHz
test-tia	Iniciar Medi√ß√£o (Eco-CI)	2025-12-04T00:14:59.5793095Z model name	: 11th Gen Intel(R) Core(TM) i5-11500 @ 2.70GHz
test-tia	Iniciar Medi√ß√£o (Eco-CI)	2025-12-04T00:14:59.5793351Z model name	: 11th Gen Intel(R) Core(TM) i5-11500 @ 2.70GHz
test-tia	Iniciar Medi√ß√£o (Eco-CI)	2025-12-04T00:14:59.5793556Z Full CPU Info
test-tia	Iniciar Medi√ß√£o (Eco-CI)	2025-12-04T00:14:59.5796093Z processor	: 0
test-tia	Iniciar Medi√ß√£o (Eco-CI)	2025-12-04T00:14:59.5796314Z vendor_id	: GenuineIntel
test-tia	Iniciar Medi√ß√£o (Eco-CI)	2025-12-04T00:14:59.5796540Z cpu family	: 6
test-tia	Iniciar Medi√ß√£o (Eco-CI)	2025-12-04T00:14:59.5796728Z model		: 167
test-tia	Iniciar Medi√ß√£o (Eco-CI)	2025-12-04T00:14:59.5796990Z model name	: 11th Gen Intel(R) Core(TM) i5-11500 @ 2.70GHz
test-tia	Iniciar Medi√ß√£o (Eco-CI)	2025-12-04T00:14:59.5797530Z stepping	: 1
test-tia	Iniciar Medi√ß√£o (Eco-CI)	2025-12-04T00:14:59.5797717Z microcode	: 0x64
test-tia	Iniciar Medi√ß√£o (Eco-CI)	2025-12-04T00:14:59.5797927Z cpu MHz		: 3842.491
test-tia	Iniciar Medi√ß√£o (Eco-CI)	2025-12-04T00:14:59.5798142Z cache size	: 12288 KB
test-tia	Iniciar Medi√ß√£o (Eco-CI)	2025-12-04T00:14:59.5798347Z physical id	: 0
test-tia	Iniciar Medi√ß√£o (Eco-CI)	2025-12-04T00:14:59.5798555Z siblings	: 12
test-tia	Iniciar Medi√ß√£o (Eco-CI)	2025-12-04T00:14:59.5798730Z core id		: 0
test-tia	Iniciar Medi√ß√£o (Eco-CI)	2025-12-04T00:14:59.5798871Z cpu cores	: 6
test-tia	Iniciar Medi√ß√£o (Eco-CI)	2025-12-04T00:14:59.5799003Z apicid		: 0
test-tia	Iniciar Medi√ß√£o (Eco-CI)	2025-12-04T00:14:59.5799137Z initial apicid	: 0
test-tia	Iniciar Medi√ß√£o (Eco-CI)	2025-12-04T00:14:59.5799274Z fpu		: yes
test-tia	Iniciar Medi√ß√£o (Eco-CI)	2025-12-04T00:14:59.5799408Z fpu_exception	: yes
test-tia	Iniciar Medi√ß√£o (Eco-CI)	2025-12-04T00:14:59.5799550Z cpuid level	: 27
test-tia	Iniciar Medi√ß√£o (Eco-CI)	2025-12-04T00:14:59.5799686Z wp		: yes
test-tia	Iniciar Medi√ß√£o (Eco-CI)	2025-12-04T00:14:59.5801927Z flags		: fpu vme de pse tsc msr pae mce cx8 apic sep mtrr pge mca cmov pat pse36 clflush dts acpi mmx fxsr sse sse2 ss ht tm pbe syscall nx pdpe1gb rdtscp lm constant_tsc art arch_perfmon pebs bts rep_good nopl xtopology nonstop_tsc cpuid aperfmperf tsc_known_freq pni pclmulqdq dtes64 monitor ds_cpl vmx smx est tm2 ssse3 sdbg fma cx16 xtpr pdcm pcid sse4_1 sse4_2 x2apic movbe popcnt tsc_deadline_timer aes xsave avx f16c rdrand lahf_lm abm 3dnowprefetch cpuid_fault epb ssbd ibrs ibpb stibp ibrs_enhanced tpr_shadow flexpriority ept vpid ept_ad fsgsbase tsc_adjust bmi1 avx2 smep bmi2 erms invpcid mpx avx512f avx512dq rdseed adx smap avx512ifma clflushopt intel_pt avx512cd sha_ni avx512bw avx512vl xsaveopt xsavec xgetbv1 xsaves dtherm ida arat pln pts hwp hwp_notify hwp_act_window hwp_epp hwp_pkg_req vnmi avx512vbmi umip pku ospke avx512_vbmi2 gfni vaes vpclmulqdq avx512_vnni avx512_bitalg avx512_vpopcntdq rdpid fsrm md_clear flush_l1d arch_capabilities
test-tia	Iniciar Medi√ß√£o (Eco-CI)	2025-12-04T00:14:59.5804543Z vmx flags	: vnmi preemption_timer posted_intr invvpid ept_x_only ept_ad ept_1gb flexpriority apicv tsc_offset vtpr mtf vapic ept vpid unrestricted_guest vapic_reg vid ple shadow_vmcs pml ept_violation_ve ept_mode_based_exec tsc_scaling
test-tia	Iniciar Medi√ß√£o (Eco-CI)	2025-12-04T00:14:59.5805320Z bugs		: spectre_v1 spectre_v2 spec_store_bypass swapgs mmio_stale_data retbleed eibrs_pbrsb gds bhi its its_native_only
test-tia	Iniciar Medi√ß√£o (Eco-CI)	2025-12-04T00:14:59.5805665Z bogomips	: 5424.00
test-tia	Iniciar Medi√ß√£o (Eco-CI)	2025-12-04T00:14:59.5805803Z clflush size	: 64
test-tia	Iniciar Medi√ß√£o (Eco-CI)	2025-12-04T00:14:59.5805938Z cache_alignment	: 64
test-tia	Iniciar Medi√ß√£o (Eco-CI)	2025-12-04T00:14:59.5806109Z address sizes	: 39 bits physical, 48 bits virtual
test-tia	Iniciar Medi√ß√£o (Eco-CI)	2025-12-04T00:14:59.5806321Z power management:
test-tia	Iniciar Medi√ß√£o (Eco-CI)	2025-12-04T00:14:59.5806409Z 
test-tia	Iniciar Medi√ß√£o (Eco-CI)	2025-12-04T00:14:59.5806471Z processor	: 1
test-tia	Iniciar Medi√ß√£o (Eco-CI)	2025-12-04T00:14:59.5806615Z vendor_id	: GenuineIntel
test-tia	Iniciar Medi√ß√£o (Eco-CI)	2025-12-04T00:14:59.5806767Z cpu family	: 6
test-tia	Iniciar Medi√ß√£o (Eco-CI)	2025-12-04T00:14:59.5806906Z model		: 167
test-tia	Iniciar Medi√ß√£o (Eco-CI)	2025-12-04T00:14:59.5807071Z model name	: 11th Gen Intel(R) Core(TM) i5-11500 @ 2.70GHz
test-tia	Iniciar Medi√ß√£o (Eco-CI)	2025-12-04T00:14:59.5807290Z stepping	: 1
test-tia	Iniciar Medi√ß√£o (Eco-CI)	2025-12-04T00:14:59.5807478Z microcode	: 0x64
test-tia	Iniciar Medi√ß√£o (Eco-CI)	2025-12-04T00:14:59.5807683Z cpu MHz		: 4199.862
test-tia	Iniciar Medi√ß√£o (Eco-CI)	2025-12-04T00:14:59.5807900Z cache size	: 12288 KB
test-tia	Iniciar Medi√ß√£o (Eco-CI)	2025-12-04T00:14:59.5808100Z physical id	: 0
test-tia	Iniciar Medi√ß√£o (Eco-CI)	2025-12-04T00:14:59.5808239Z siblings	: 12
test-tia	Iniciar Medi√ß√£o (Eco-CI)	2025-12-04T00:14:59.5808410Z core id		: 1
test-tia	Iniciar Medi√ß√£o (Eco-CI)	2025-12-04T00:14:59.5808604Z cpu cores	: 6
test-tia	Iniciar Medi√ß√£o (Eco-CI)	2025-12-04T00:14:59.5808808Z apicid		: 2
test-tia	Iniciar Medi√ß√£o (Eco-CI)	2025-12-04T00:14:59.5809018Z initial apicid	: 2
test-tia	Iniciar Medi√ß√£o (Eco-CI)	2025-12-04T00:14:59.5809254Z fpu		: yes
test-tia	Iniciar Medi√ß√£o (Eco-CI)	2025-12-04T00:14:59.5809466Z fpu_exception	: yes
test-tia	Iniciar Medi√ß√£o (Eco-CI)	2025-12-04T00:14:59.5809696Z cpuid level	: 27
test-tia	Iniciar Medi√ß√£o (Eco-CI)	2025-12-04T00:14:59.5809906Z wp		: yes
test-tia	Iniciar Medi√ß√£o (Eco-CI)	2025-12-04T00:14:59.5812487Z flags		: fpu vme de pse tsc msr pae mce cx8 apic sep mtrr pge mca cmov pat pse36 clflush dts acpi mmx fxsr sse sse2 ss ht tm pbe syscall nx pdpe1gb rdtscp lm constant_tsc art arch_perfmon pebs bts rep_good nopl xtopology nonstop_tsc cpuid aperfmperf tsc_known_freq pni pclmulqdq dtes64 monitor ds_cpl vmx smx est tm2 ssse3 sdbg fma cx16 xtpr pdcm pcid sse4_1 sse4_2 x2apic movbe popcnt tsc_deadline_timer aes xsave avx f16c rdrand lahf_lm abm 3dnowprefetch cpuid_fault epb ssbd ibrs ibpb stibp ibrs_enhanced tpr_shadow flexpriority ept vpid ept_ad fsgsbase tsc_adjust bmi1 avx2 smep bmi2 erms invpcid mpx avx512f avx512dq rdseed adx smap avx512ifma clflushopt intel_pt avx512cd sha_ni avx512bw avx512vl xsaveopt xsavec xgetbv1 xsaves dtherm ida arat pln pts hwp hwp_notify hwp_act_window hwp_epp hwp_pkg_req vnmi avx512vbmi umip pku ospke avx512_vbmi2 gfni vaes vpclmulqdq avx512_vnni avx512_bitalg avx512_vpopcntdq rdpid fsrm md_clear flush_l1d arch_capabilities
test-tia	Iniciar Medi√ß√£o (Eco-CI)	2025-12-04T00:14:59.5815310Z vmx flags	: vnmi preemption_timer posted_intr invvpid ept_x_only ept_ad ept_1gb flexpriority apicv tsc_offset vtpr mtf vapic ept vpid unrestricted_guest vapic_reg vid ple shadow_vmcs pml ept_violation_ve ept_mode_based_exec tsc_scaling
test-tia	Iniciar Medi√ß√£o (Eco-CI)	2025-12-04T00:14:59.5816066Z bugs		: spectre_v1 spectre_v2 spec_store_bypass swapgs mmio_stale_data retbleed eibrs_pbrsb gds bhi its its_native_only
test-tia	Iniciar Medi√ß√£o (Eco-CI)	2025-12-04T00:14:59.5816404Z bogomips	: 5424.00
test-tia	Iniciar Medi√ß√£o (Eco-CI)	2025-12-04T00:14:59.5816543Z clflush size	: 64
test-tia	Iniciar Medi√ß√£o (Eco-CI)	2025-12-04T00:14:59.5816718Z cache_alignment	: 64
test-tia	Iniciar Medi√ß√£o (Eco-CI)	2025-12-04T00:14:59.5816898Z address sizes	: 39 bits physical, 48 bits virtual
test-tia	Iniciar Medi√ß√£o (Eco-CI)	2025-12-04T00:14:59.5817092Z power management:
test-tia	Iniciar Medi√ß√£o (Eco-CI)	2025-12-04T00:14:59.5817180Z 
test-tia	Iniciar Medi√ß√£o (Eco-CI)	2025-12-04T00:14:59.5817234Z processor	: 2
test-tia	Iniciar Medi√ß√£o (Eco-CI)	2025-12-04T00:14:59.5817373Z vendor_id	: GenuineIntel
test-tia	Iniciar Medi√ß√£o (Eco-CI)	2025-12-04T00:14:59.5817518Z cpu family	: 6
test-tia	Iniciar Medi√ß√£o (Eco-CI)	2025-12-04T00:14:59.5817653Z model		: 167
test-tia	Iniciar Medi√ß√£o (Eco-CI)	2025-12-04T00:14:59.5817823Z model name	: 11th Gen Intel(R) Core(TM) i5-11500 @ 2.70GHz
test-tia	Iniciar Medi√ß√£o (Eco-CI)	2025-12-04T00:14:59.5818024Z stepping	: 1
test-tia	Iniciar Medi√ß√£o (Eco-CI)	2025-12-04T00:14:59.5818156Z microcode	: 0x64
test-tia	Iniciar Medi√ß√£o (Eco-CI)	2025-12-04T00:14:59.5818293Z cpu MHz		: 1793.103
test-tia	Iniciar Medi√ß√£o (Eco-CI)	2025-12-04T00:14:59.5818434Z cache size	: 12288 KB
test-tia	Iniciar Medi√ß√£o (Eco-CI)	2025-12-04T00:14:59.5818573Z physical id	: 0
test-tia	Iniciar Medi√ß√£o (Eco-CI)	2025-12-04T00:14:59.5818721Z siblings	: 12
test-tia	Iniciar Medi√ß√£o (Eco-CI)	2025-12-04T00:14:59.5818845Z core id		: 2
test-tia	Iniciar Medi√ß√£o (Eco-CI)	2025-12-04T00:14:59.5818966Z cpu cores	: 6
test-tia	Iniciar Medi√ß√£o (Eco-CI)	2025-12-04T00:14:59.5819090Z apicid		: 4
test-tia	Iniciar Medi√ß√£o (Eco-CI)	2025-12-04T00:14:59.5819214Z initial apicid	: 4
test-tia	Iniciar Medi√ß√£o (Eco-CI)	2025-12-04T00:14:59.5819343Z fpu		: yes
test-tia	Iniciar Medi√ß√£o (Eco-CI)	2025-12-04T00:14:59.5819468Z fpu_exception	: yes
test-tia	Iniciar Medi√ß√£o (Eco-CI)	2025-12-04T00:14:59.5819604Z cpuid level	: 27
test-tia	Iniciar Medi√ß√£o (Eco-CI)	2025-12-04T00:14:59.5819731Z wp		: yes
test-tia	Iniciar Medi√ß√£o (Eco-CI)	2025-12-04T00:14:59.5833833Z flags		: fpu vme de pse tsc msr pae mce cx8 apic sep mtrr pge mca cmov pat pse36 clflush dts acpi mmx fxsr sse sse2 ss ht tm pbe syscall nx pdpe1gb rdtscp lm constant_tsc art arch_perfmon pebs bts rep_good nopl xtopology nonstop_tsc cpuid aperfmperf tsc_known_freq pni pclmulqdq dtes64 monitor ds_cpl vmx smx est tm2 ssse3 sdbg fma cx16 xtpr pdcm pcid sse4_1 sse4_2 x2apic movbe popcnt tsc_deadline_timer aes xsave avx f16c rdrand lahf_lm abm 3dnowprefetch cpuid_fault epb ssbd ibrs ibpb stibp ibrs_enhanced tpr_shadow flexpriority ept vpid ept_ad fsgsbase tsc_adjust bmi1 avx2 smep bmi2 erms invpcid mpx avx512f avx512dq rdseed adx smap avx512ifma clflushopt intel_pt avx512cd sha_ni avx512bw avx512vl xsaveopt xsavec xgetbv1 xsaves dtherm ida arat pln pts hwp hwp_notify hwp_act_window hwp_epp hwp_pkg_req vnmi avx512vbmi umip pku ospke avx512_vbmi2 gfni vaes vpclmulqdq avx512_vnni avx512_bitalg avx512_vpopcntdq rdpid fsrm md_clear flush_l1d arch_capabilities
test-tia	Iniciar Medi√ß√£o (Eco-CI)	2025-12-04T00:14:59.5836820Z vmx flags	: vnmi preemption_timer posted_intr invvpid ept_x_only ept_ad ept_1gb flexpriority apicv tsc_offset vtpr mtf vapic ept vpid unrestricted_guest vapic_reg vid ple shadow_vmcs pml ept_violation_ve ept_mode_based_exec tsc_scaling
test-tia	Iniciar Medi√ß√£o (Eco-CI)	2025-12-04T00:14:59.5837616Z bugs		: spectre_v1 spectre_v2 spec_store_bypass swapgs mmio_stale_data retbleed eibrs_pbrsb gds bhi its its_native_only
test-tia	Iniciar Medi√ß√£o (Eco-CI)	2025-12-04T00:14:59.5838162Z bogomips	: 5424.00
test-tia	Iniciar Medi√ß√£o (Eco-CI)	2025-12-04T00:14:59.5838362Z clflush size	: 64
test-tia	Iniciar Medi√ß√£o (Eco-CI)	2025-12-04T00:14:59.5838566Z cache_alignment	: 64
test-tia	Iniciar Medi√ß√£o (Eco-CI)	2025-12-04T00:14:59.5839181Z address sizes	: 39 bits physical, 48 bits virtual
test-tia	Iniciar Medi√ß√£o (Eco-CI)	2025-12-04T00:14:59.5839402Z power management:
test-tia	Iniciar Medi√ß√£o (Eco-CI)	2025-12-04T00:14:59.5839493Z 
test-tia	Iniciar Medi√ß√£o (Eco-CI)	2025-12-04T00:14:59.5839549Z processor	: 3
test-tia	Iniciar Medi√ß√£o (Eco-CI)	2025-12-04T00:14:59.5839691Z vendor_id	: GenuineIntel
test-tia	Iniciar Medi√ß√£o (Eco-CI)	2025-12-04T00:14:59.5839848Z cpu family	: 6
test-tia	Iniciar Medi√ß√£o (Eco-CI)	2025-12-04T00:14:59.5839994Z model		: 167
test-tia	Iniciar Medi√ß√£o (Eco-CI)	2025-12-04T00:14:59.5840248Z model name	: 11th Gen Intel(R) Core(TM) i5-11500 @ 2.70GHz
test-tia	Iniciar Medi√ß√£o (Eco-CI)	2025-12-04T00:14:59.5840468Z stepping	: 1
test-tia	Iniciar Medi√ß√£o (Eco-CI)	2025-12-04T00:14:59.5840597Z microcode	: 0x64
test-tia	Iniciar Medi√ß√£o (Eco-CI)	2025-12-04T00:14:59.5840736Z cpu MHz		: 4200.000
test-tia	Iniciar Medi√ß√£o (Eco-CI)	2025-12-04T00:14:59.5840874Z cache size	: 12288 KB
test-tia	Iniciar Medi√ß√£o (Eco-CI)	2025-12-04T00:14:59.5841013Z physical id	: 0
test-tia	Iniciar Medi√ß√£o (Eco-CI)	2025-12-04T00:14:59.5841151Z siblings	: 12
test-tia	Iniciar Medi√ß√£o (Eco-CI)	2025-12-04T00:14:59.5841275Z core id		: 3
test-tia	Iniciar Medi√ß√£o (Eco-CI)	2025-12-04T00:14:59.5841516Z cpu cores	: 6
test-tia	Iniciar Medi√ß√£o (Eco-CI)	2025-12-04T00:14:59.5841643Z apicid		: 6
test-tia	Iniciar Medi√ß√£o (Eco-CI)	2025-12-04T00:14:59.5841771Z initial apicid	: 6
test-tia	Iniciar Medi√ß√£o (Eco-CI)	2025-12-04T00:14:59.5841902Z fpu		: yes
test-tia	Iniciar Medi√ß√£o (Eco-CI)	2025-12-04T00:14:59.5842033Z fpu_exception	: yes
test-tia	Iniciar Medi√ß√£o (Eco-CI)	2025-12-04T00:14:59.5842170Z cpuid level	: 27
test-tia	Iniciar Medi√ß√£o (Eco-CI)	2025-12-04T00:14:59.5842302Z wp		: yes
test-tia	Iniciar Medi√ß√£o (Eco-CI)	2025-12-04T00:14:59.5844595Z flags		: fpu vme de pse tsc msr pae mce cx8 apic sep mtrr pge mca cmov pat pse36 clflush dts acpi mmx fxsr sse sse2 ss ht tm pbe syscall nx pdpe1gb rdtscp lm constant_tsc art arch_perfmon pebs bts rep_good nopl xtopology nonstop_tsc cpuid aperfmperf tsc_known_freq pni pclmulqdq dtes64 monitor ds_cpl vmx smx est tm2 ssse3 sdbg fma cx16 xtpr pdcm pcid sse4_1 sse4_2 x2apic movbe popcnt tsc_deadline_timer aes xsave avx f16c rdrand lahf_lm abm 3dnowprefetch cpuid_fault epb ssbd ibrs ibpb stibp ibrs_enhanced tpr_shadow flexpriority ept vpid ept_ad fsgsbase tsc_adjust bmi1 avx2 smep bmi2 erms invpcid mpx avx512f avx512dq rdseed adx smap avx512ifma clflushopt intel_pt avx512cd sha_ni avx512bw avx512vl xsaveopt xsavec xgetbv1 xsaves dtherm ida arat pln pts hwp hwp_notify hwp_act_window hwp_epp hwp_pkg_req vnmi avx512vbmi umip pku ospke avx512_vbmi2 gfni vaes vpclmulqdq avx512_vnni avx512_bitalg avx512_vpopcntdq rdpid fsrm md_clear flush_l1d arch_capabilities
test-tia	Iniciar Medi√ß√£o (Eco-CI)	2025-12-04T00:14:59.5847963Z vmx flags	: vnmi preemption_timer posted_intr invvpid ept_x_only ept_ad ept_1gb flexpriority apicv tsc_offset vtpr mtf vapic ept vpid unrestricted_guest vapic_reg vid ple shadow_vmcs pml ept_violation_ve ept_mode_based_exec tsc_scaling
test-tia	Iniciar Medi√ß√£o (Eco-CI)	2025-12-04T00:14:59.5849105Z bugs		: spectre_v1 spectre_v2 spec_store_bypass swapgs mmio_stale_data retbleed eibrs_pbrsb gds bhi its its_native_only
test-tia	Iniciar Medi√ß√£o (Eco-CI)	2025-12-04T00:14:59.5849612Z bogomips	: 5424.00
test-tia	Iniciar Medi√ß√£o (Eco-CI)	2025-12-04T00:14:59.5849820Z clflush size	: 64
test-tia	Iniciar Medi√ß√£o (Eco-CI)	2025-12-04T00:14:59.5850026Z cache_alignment	: 64
test-tia	Iniciar Medi√ß√£o (Eco-CI)	2025-12-04T00:14:59.5850298Z address sizes	: 39 bits physical, 48 bits virtual
test-tia	Iniciar Medi√ß√£o (Eco-CI)	2025-12-04T00:14:59.5850581Z power management:
test-tia	Iniciar Medi√ß√£o (Eco-CI)	2025-12-04T00:14:59.5850673Z 
test-tia	Iniciar Medi√ß√£o (Eco-CI)	2025-12-04T00:14:59.5850730Z processor	: 4
test-tia	Iniciar Medi√ß√£o (Eco-CI)	2025-12-04T00:14:59.5850885Z vendor_id	: GenuineIntel
test-tia	Iniciar Medi√ß√£o (Eco-CI)	2025-12-04T00:14:59.5851046Z cpu family	: 6
test-tia	Iniciar Medi√ß√£o (Eco-CI)	2025-12-04T00:14:59.5851179Z model		: 167
test-tia	Iniciar Medi√ß√£o (Eco-CI)	2025-12-04T00:14:59.5851356Z model name	: 11th Gen Intel(R) Core(TM) i5-11500 @ 2.70GHz
test-tia	Iniciar Medi√ß√£o (Eco-CI)	2025-12-04T00:14:59.5851576Z stepping	: 1
test-tia	Iniciar Medi√ß√£o (Eco-CI)	2025-12-04T00:14:59.5851723Z microcode	: 0x64
test-tia	Iniciar Medi√ß√£o (Eco-CI)	2025-12-04T00:14:59.5851862Z cpu MHz		: 4088.446
test-tia	Iniciar Medi√ß√£o (Eco-CI)	2025-12-04T00:14:59.5852004Z cache size	: 12288 KB
test-tia	Iniciar Medi√ß√£o (Eco-CI)	2025-12-04T00:14:59.5852152Z physical id	: 0
test-tia	Iniciar Medi√ß√£o (Eco-CI)	2025-12-04T00:14:59.5852288Z siblings	: 12
test-tia	Iniciar Medi√ß√£o (Eco-CI)	2025-12-04T00:14:59.5852415Z core id		: 4
test-tia	Iniciar Medi√ß√£o (Eco-CI)	2025-12-04T00:14:59.5852543Z cpu cores	: 6
test-tia	Iniciar Medi√ß√£o (Eco-CI)	2025-12-04T00:14:59.5852672Z apicid		: 8
test-tia	Iniciar Medi√ß√£o (Eco-CI)	2025-12-04T00:14:59.5852804Z initial apicid	: 8
test-tia	Iniciar Medi√ß√£o (Eco-CI)	2025-12-04T00:14:59.5852943Z fpu		: yes
test-tia	Iniciar Medi√ß√£o (Eco-CI)	2025-12-04T00:14:59.5853072Z fpu_exception	: yes
test-tia	Iniciar Medi√ß√£o (Eco-CI)	2025-12-04T00:14:59.5853213Z cpuid level	: 27
test-tia	Iniciar Medi√ß√£o (Eco-CI)	2025-12-04T00:14:59.5853348Z wp		: yes
test-tia	Iniciar Medi√ß√£o (Eco-CI)	2025-12-04T00:14:59.5855456Z flags		: fpu vme de pse tsc msr pae mce cx8 apic sep mtrr pge mca cmov pat pse36 clflush dts acpi mmx fxsr sse sse2 ss ht tm pbe syscall nx pdpe1gb rdtscp lm constant_tsc art arch_perfmon pebs bts rep_good nopl xtopology nonstop_tsc cpuid aperfmperf tsc_known_freq pni pclmulqdq dtes64 monitor ds_cpl vmx smx est tm2 ssse3 sdbg fma cx16 xtpr pdcm pcid sse4_1 sse4_2 x2apic movbe popcnt tsc_deadline_timer aes xsave avx f16c rdrand lahf_lm abm 3dnowprefetch cpuid_fault epb ssbd ibrs ibpb stibp ibrs_enhanced tpr_shadow flexpriority ept vpid ept_ad fsgsbase tsc_adjust bmi1 avx2 smep bmi2 erms invpcid mpx avx512f avx512dq rdseed adx smap avx512ifma clflushopt intel_pt avx512cd sha_ni avx512bw avx512vl xsaveopt xsavec xgetbv1 xsaves dtherm ida arat pln pts hwp hwp_notify hwp_act_window hwp_epp hwp_pkg_req vnmi avx512vbmi umip pku ospke avx512_vbmi2 gfni vaes vpclmulqdq avx512_vnni avx512_bitalg avx512_vpopcntdq rdpid fsrm md_clear flush_l1d arch_capabilities
test-tia	Iniciar Medi√ß√£o (Eco-CI)	2025-12-04T00:14:59.5858131Z vmx flags	: vnmi preemption_timer posted_intr invvpid ept_x_only ept_ad ept_1gb flexpriority apicv tsc_offset vtpr mtf vapic ept vpid unrestricted_guest vapic_reg vid ple shadow_vmcs pml ept_violation_ve ept_mode_based_exec tsc_scaling
test-tia	Iniciar Medi√ß√£o (Eco-CI)	2025-12-04T00:14:59.5858954Z bugs		: spectre_v1 spectre_v2 spec_store_bypass swapgs mmio_stale_data retbleed eibrs_pbrsb gds bhi its its_native_only
test-tia	Iniciar Medi√ß√£o (Eco-CI)	2025-12-04T00:14:59.5859287Z bogomips	: 5424.00
test-tia	Iniciar Medi√ß√£o (Eco-CI)	2025-12-04T00:14:59.5859424Z clflush size	: 64
test-tia	Iniciar Medi√ß√£o (Eco-CI)	2025-12-04T00:14:59.5859558Z cache_alignment	: 64
test-tia	Iniciar Medi√ß√£o (Eco-CI)	2025-12-04T00:14:59.5859721Z address sizes	: 39 bits physical, 48 bits virtual
test-tia	Iniciar Medi√ß√£o (Eco-CI)	2025-12-04T00:14:59.5859917Z power management:
test-tia	Iniciar Medi√ß√£o (Eco-CI)	2025-12-04T00:14:59.5859999Z 
test-tia	Iniciar Medi√ß√£o (Eco-CI)	2025-12-04T00:14:59.5860054Z processor	: 5
test-tia	Iniciar Medi√ß√£o (Eco-CI)	2025-12-04T00:14:59.5860185Z vendor_id	: GenuineIntel
test-tia	Iniciar Medi√ß√£o (Eco-CI)	2025-12-04T00:14:59.5860334Z cpu family	: 6
test-tia	Iniciar Medi√ß√£o (Eco-CI)	2025-12-04T00:14:59.5860460Z model		: 167
test-tia	Iniciar Medi√ß√£o (Eco-CI)	2025-12-04T00:14:59.5860623Z model name	: 11th Gen Intel(R) Core(TM) i5-11500 @ 2.70GHz
test-tia	Iniciar Medi√ß√£o (Eco-CI)	2025-12-04T00:14:59.5860827Z stepping	: 1
test-tia	Iniciar Medi√ß√£o (Eco-CI)	2025-12-04T00:14:59.5860955Z microcode	: 0x64
test-tia	Iniciar Medi√ß√£o (Eco-CI)	2025-12-04T00:14:59.5861083Z cpu MHz		: 4222.727
test-tia	Iniciar Medi√ß√£o (Eco-CI)	2025-12-04T00:14:59.5861218Z cache size	: 12288 KB
test-tia	Iniciar Medi√ß√£o (Eco-CI)	2025-12-04T00:14:59.5861358Z physical id	: 0
test-tia	Iniciar Medi√ß√£o (Eco-CI)	2025-12-04T00:14:59.5861486Z siblings	: 12
test-tia	Iniciar Medi√ß√£o (Eco-CI)	2025-12-04T00:14:59.5861612Z core id		: 5
test-tia	Iniciar Medi√ß√£o (Eco-CI)	2025-12-04T00:14:59.5861733Z cpu cores	: 6
test-tia	Iniciar Medi√ß√£o (Eco-CI)	2025-12-04T00:14:59.5861852Z apicid		: 10
test-tia	Iniciar Medi√ß√£o (Eco-CI)	2025-12-04T00:14:59.5861980Z initial apicid	: 10
test-tia	Iniciar Medi√ß√£o (Eco-CI)	2025-12-04T00:14:59.5862112Z fpu		: yes
test-tia	Iniciar Medi√ß√£o (Eco-CI)	2025-12-04T00:14:59.5862232Z fpu_exception	: yes
test-tia	Iniciar Medi√ß√£o (Eco-CI)	2025-12-04T00:14:59.5862370Z cpuid level	: 27
test-tia	Iniciar Medi√ß√£o (Eco-CI)	2025-12-04T00:14:59.5862499Z wp		: yes
test-tia	Iniciar Medi√ß√£o (Eco-CI)	2025-12-04T00:14:59.5864540Z flags		: fpu vme de pse tsc msr pae mce cx8 apic sep mtrr pge mca cmov pat pse36 clflush dts acpi mmx fxsr sse sse2 ss ht tm pbe syscall nx pdpe1gb rdtscp lm constant_tsc art arch_perfmon pebs bts rep_good nopl xtopology nonstop_tsc cpuid aperfmperf tsc_known_freq pni pclmulqdq dtes64 monitor ds_cpl vmx smx est tm2 ssse3 sdbg fma cx16 xtpr pdcm pcid sse4_1 sse4_2 x2apic movbe popcnt tsc_deadline_timer aes xsave avx f16c rdrand lahf_lm abm 3dnowprefetch cpuid_fault epb ssbd ibrs ibpb stibp ibrs_enhanced tpr_shadow flexpriority ept vpid ept_ad fsgsbase tsc_adjust bmi1 avx2 smep bmi2 erms invpcid mpx avx512f avx512dq rdseed adx smap avx512ifma clflushopt intel_pt avx512cd sha_ni avx512bw avx512vl xsaveopt xsavec xgetbv1 xsaves dtherm ida arat pln pts hwp hwp_notify hwp_act_window hwp_epp hwp_pkg_req vnmi avx512vbmi umip pku ospke avx512_vbmi2 gfni vaes vpclmulqdq avx512_vnni avx512_bitalg avx512_vpopcntdq rdpid fsrm md_clear flush_l1d arch_capabilities
test-tia	Iniciar Medi√ß√£o (Eco-CI)	2025-12-04T00:14:59.5867012Z vmx flags	: vnmi preemption_timer posted_intr invvpid ept_x_only ept_ad ept_1gb flexpriority apicv tsc_offset vtpr mtf vapic ept vpid unrestricted_guest vapic_reg vid ple shadow_vmcs pml ept_violation_ve ept_mode_based_exec tsc_scaling
test-tia	Iniciar Medi√ß√£o (Eco-CI)	2025-12-04T00:14:59.5867761Z bugs		: spectre_v1 spectre_v2 spec_store_bypass swapgs mmio_stale_data retbleed eibrs_pbrsb gds bhi its its_native_only
test-tia	Iniciar Medi√ß√£o (Eco-CI)	2025-12-04T00:14:59.5868099Z bogomips	: 5424.00
test-tia	Iniciar Medi√ß√£o (Eco-CI)	2025-12-04T00:14:59.5868235Z clflush size	: 64
test-tia	Iniciar Medi√ß√£o (Eco-CI)	2025-12-04T00:14:59.5868372Z cache_alignment	: 64
test-tia	Iniciar Medi√ß√£o (Eco-CI)	2025-12-04T00:14:59.5868537Z address sizes	: 39 bits physical, 48 bits virtual
test-tia	Iniciar Medi√ß√£o (Eco-CI)	2025-12-04T00:14:59.5868738Z power management:
test-tia	Iniciar Medi√ß√£o (Eco-CI)	2025-12-04T00:14:59.5868825Z 
test-tia	Iniciar Medi√ß√£o (Eco-CI)	2025-12-04T00:14:59.5868879Z processor	: 6
test-tia	Iniciar Medi√ß√£o (Eco-CI)	2025-12-04T00:14:59.5869016Z vendor_id	: GenuineIntel
test-tia	Iniciar Medi√ß√£o (Eco-CI)	2025-12-04T00:14:59.5869159Z cpu family	: 6
test-tia	Iniciar Medi√ß√£o (Eco-CI)	2025-12-04T00:14:59.5869289Z model		: 167
test-tia	Iniciar Medi√ß√£o (Eco-CI)	2025-12-04T00:14:59.5869457Z model name	: 11th Gen Intel(R) Core(TM) i5-11500 @ 2.70GHz
test-tia	Iniciar Medi√ß√£o (Eco-CI)	2025-12-04T00:14:59.5869749Z stepping	: 1
test-tia	Iniciar Medi√ß√£o (Eco-CI)	2025-12-04T00:14:59.5869878Z microcode	: 0x64
test-tia	Iniciar Medi√ß√£o (Eco-CI)	2025-12-04T00:14:59.5870011Z cpu MHz		: 2947.945
test-tia	Iniciar Medi√ß√£o (Eco-CI)	2025-12-04T00:14:59.5870142Z cache size	: 12288 KB
test-tia	Iniciar Medi√ß√£o (Eco-CI)	2025-12-04T00:14:59.5870285Z physical id	: 0
test-tia	Iniciar Medi√ß√£o (Eco-CI)	2025-12-04T00:14:59.5870418Z siblings	: 12
test-tia	Iniciar Medi√ß√£o (Eco-CI)	2025-12-04T00:14:59.5870539Z core id		: 0
test-tia	Iniciar Medi√ß√£o (Eco-CI)	2025-12-04T00:14:59.5870668Z cpu cores	: 6
test-tia	Iniciar Medi√ß√£o (Eco-CI)	2025-12-04T00:14:59.5870795Z apicid		: 1
test-tia	Iniciar Medi√ß√£o (Eco-CI)	2025-12-04T00:14:59.5870918Z initial apicid	: 1
test-tia	Iniciar Medi√ß√£o (Eco-CI)	2025-12-04T00:14:59.5871051Z fpu		: yes
test-tia	Iniciar Medi√ß√£o (Eco-CI)	2025-12-04T00:14:59.5871177Z fpu_exception	: yes
test-tia	Iniciar Medi√ß√£o (Eco-CI)	2025-12-04T00:14:59.5871374Z cpuid level	: 27
test-tia	Iniciar Medi√ß√£o (Eco-CI)	2025-12-04T00:14:59.5871505Z wp		: yes
test-tia	Iniciar Medi√ß√£o (Eco-CI)	2025-12-04T00:14:59.5873516Z flags		: fpu vme de pse tsc msr pae mce cx8 apic sep mtrr pge mca cmov pat pse36 clflush dts acpi mmx fxsr sse sse2 ss ht tm pbe syscall nx pdpe1gb rdtscp lm constant_tsc art arch_perfmon pebs bts rep_good nopl xtopology nonstop_tsc cpuid aperfmperf tsc_known_freq pni pclmulqdq dtes64 monitor ds_cpl vmx smx est tm2 ssse3 sdbg fma cx16 xtpr pdcm pcid sse4_1 sse4_2 x2apic movbe popcnt tsc_deadline_timer aes xsave avx f16c rdrand lahf_lm abm 3dnowprefetch cpuid_fault epb ssbd ibrs ibpb stibp ibrs_enhanced tpr_shadow flexpriority ept vpid ept_ad fsgsbase tsc_adjust bmi1 avx2 smep bmi2 erms invpcid mpx avx512f avx512dq rdseed adx smap avx512ifma clflushopt intel_pt avx512cd sha_ni avx512bw avx512vl xsaveopt xsavec xgetbv1 xsaves dtherm ida arat pln pts hwp hwp_notify hwp_act_window hwp_epp hwp_pkg_req vnmi avx512vbmi umip pku ospke avx512_vbmi2 gfni vaes vpclmulqdq avx512_vnni avx512_bitalg avx512_vpopcntdq rdpid fsrm md_clear flush_l1d arch_capabilities
test-tia	Iniciar Medi√ß√£o (Eco-CI)	2025-12-04T00:14:59.5876101Z vmx flags	: vnmi preemption_timer posted_intr invvpid ept_x_only ept_ad ept_1gb flexpriority apicv tsc_offset vtpr mtf vapic ept vpid unrestricted_guest vapic_reg vid ple shadow_vmcs pml ept_violation_ve ept_mode_based_exec tsc_scaling
test-tia	Iniciar Medi√ß√£o (Eco-CI)	2025-12-04T00:14:59.5876855Z bugs		: spectre_v1 spectre_v2 spec_store_bypass swapgs mmio_stale_data retbleed eibrs_pbrsb gds bhi its its_native_only
test-tia	Iniciar Medi√ß√£o (Eco-CI)	2025-12-04T00:14:59.5877191Z bogomips	: 5424.00
test-tia	Iniciar Medi√ß√£o (Eco-CI)	2025-12-04T00:14:59.5877328Z clflush size	: 64
test-tia	Iniciar Medi√ß√£o (Eco-CI)	2025-12-04T00:14:59.5877462Z cache_alignment	: 64
test-tia	Iniciar Medi√ß√£o (Eco-CI)	2025-12-04T00:14:59.5877629Z address sizes	: 39 bits physical, 48 bits virtual
test-tia	Iniciar Medi√ß√£o (Eco-CI)	2025-12-04T00:14:59.5877826Z power management:
test-tia	Iniciar Medi√ß√£o (Eco-CI)	2025-12-04T00:14:59.5877908Z 
test-tia	Iniciar Medi√ß√£o (Eco-CI)	2025-12-04T00:14:59.5877964Z processor	: 7
test-tia	Iniciar Medi√ß√£o (Eco-CI)	2025-12-04T00:14:59.5878098Z vendor_id	: GenuineIntel
test-tia	Iniciar Medi√ß√£o (Eco-CI)	2025-12-04T00:14:59.5878246Z cpu family	: 6
test-tia	Iniciar Medi√ß√£o (Eco-CI)	2025-12-04T00:14:59.5878377Z model		: 167
test-tia	Iniciar Medi√ß√£o (Eco-CI)	2025-12-04T00:14:59.5878542Z model name	: 11th Gen Intel(R) Core(TM) i5-11500 @ 2.70GHz
test-tia	Iniciar Medi√ß√£o (Eco-CI)	2025-12-04T00:14:59.5878744Z stepping	: 1
test-tia	Iniciar Medi√ß√£o (Eco-CI)	2025-12-04T00:14:59.5878871Z microcode	: 0x64
test-tia	Iniciar Medi√ß√£o (Eco-CI)	2025-12-04T00:14:59.5879002Z cpu MHz		: 4200.000
test-tia	Iniciar Medi√ß√£o (Eco-CI)	2025-12-04T00:14:59.5879138Z cache size	: 12288 KB
test-tia	Iniciar Medi√ß√£o (Eco-CI)	2025-12-04T00:14:59.5879281Z physical id	: 0
test-tia	Iniciar Medi√ß√£o (Eco-CI)	2025-12-04T00:14:59.5879408Z siblings	: 12
test-tia	Iniciar Medi√ß√£o (Eco-CI)	2025-12-04T00:14:59.5879533Z core id		: 1
test-tia	Iniciar Medi√ß√£o (Eco-CI)	2025-12-04T00:14:59.5879656Z cpu cores	: 6
test-tia	Iniciar Medi√ß√£o (Eco-CI)	2025-12-04T00:14:59.5879777Z apicid		: 3
test-tia	Iniciar Medi√ß√£o (Eco-CI)	2025-12-04T00:14:59.5879900Z initial apicid	: 3
test-tia	Iniciar Medi√ß√£o (Eco-CI)	2025-12-04T00:14:59.5880035Z fpu		: yes
test-tia	Iniciar Medi√ß√£o (Eco-CI)	2025-12-04T00:14:59.5880160Z fpu_exception	: yes
test-tia	Iniciar Medi√ß√£o (Eco-CI)	2025-12-04T00:14:59.5880291Z cpuid level	: 27
test-tia	Iniciar Medi√ß√£o (Eco-CI)	2025-12-04T00:14:59.5880423Z wp		: yes
test-tia	Iniciar Medi√ß√£o (Eco-CI)	2025-12-04T00:14:59.5882431Z flags		: fpu vme de pse tsc msr pae mce cx8 apic sep mtrr pge mca cmov pat pse36 clflush dts acpi mmx fxsr sse sse2 ss ht tm pbe syscall nx pdpe1gb rdtscp lm constant_tsc art arch_perfmon pebs bts rep_good nopl xtopology nonstop_tsc cpuid aperfmperf tsc_known_freq pni pclmulqdq dtes64 monitor ds_cpl vmx smx est tm2 ssse3 sdbg fma cx16 xtpr pdcm pcid sse4_1 sse4_2 x2apic movbe popcnt tsc_deadline_timer aes xsave avx f16c rdrand lahf_lm abm 3dnowprefetch cpuid_fault epb ssbd ibrs ibpb stibp ibrs_enhanced tpr_shadow flexpriority ept vpid ept_ad fsgsbase tsc_adjust bmi1 avx2 smep bmi2 erms invpcid mpx avx512f avx512dq rdseed adx smap avx512ifma clflushopt intel_pt avx512cd sha_ni avx512bw avx512vl xsaveopt xsavec xgetbv1 xsaves dtherm ida arat pln pts hwp hwp_notify hwp_act_window hwp_epp hwp_pkg_req vnmi avx512vbmi umip pku ospke avx512_vbmi2 gfni vaes vpclmulqdq avx512_vnni avx512_bitalg avx512_vpopcntdq rdpid fsrm md_clear flush_l1d arch_capabilities
test-tia	Iniciar Medi√ß√£o (Eco-CI)	2025-12-04T00:14:59.5884987Z vmx flags	: vnmi preemption_timer posted_intr invvpid ept_x_only ept_ad ept_1gb flexpriority apicv tsc_offset vtpr mtf vapic ept vpid unrestricted_guest vapic_reg vid ple shadow_vmcs pml ept_violation_ve ept_mode_based_exec tsc_scaling
test-tia	Iniciar Medi√ß√£o (Eco-CI)	2025-12-04T00:14:59.5885744Z bugs		: spectre_v1 spectre_v2 spec_store_bypass swapgs mmio_stale_data retbleed eibrs_pbrsb gds bhi its its_native_only
test-tia	Iniciar Medi√ß√£o (Eco-CI)	2025-12-04T00:14:59.5886079Z bogomips	: 5424.00
test-tia	Iniciar Medi√ß√£o (Eco-CI)	2025-12-04T00:14:59.5886216Z clflush size	: 64
test-tia	Iniciar Medi√ß√£o (Eco-CI)	2025-12-04T00:14:59.5886353Z cache_alignment	: 64
test-tia	Iniciar Medi√ß√£o (Eco-CI)	2025-12-04T00:14:59.5886523Z address sizes	: 39 bits physical, 48 bits virtual
test-tia	Iniciar Medi√ß√£o (Eco-CI)	2025-12-04T00:14:59.5886774Z power management:
test-tia	Iniciar Medi√ß√£o (Eco-CI)	2025-12-04T00:14:59.5886861Z 
test-tia	Iniciar Medi√ß√£o (Eco-CI)	2025-12-04T00:14:59.5886913Z processor	: 8
test-tia	Iniciar Medi√ß√£o (Eco-CI)	2025-12-04T00:14:59.5887052Z vendor_id	: GenuineIntel
test-tia	Iniciar Medi√ß√£o (Eco-CI)	2025-12-04T00:14:59.5887202Z cpu family	: 6
test-tia	Iniciar Medi√ß√£o (Eco-CI)	2025-12-04T00:14:59.5887335Z model		: 167
test-tia	Iniciar Medi√ß√£o (Eco-CI)	2025-12-04T00:14:59.5887505Z model name	: 11th Gen Intel(R) Core(TM) i5-11500 @ 2.70GHz
test-tia	Iniciar Medi√ß√£o (Eco-CI)	2025-12-04T00:14:59.5887706Z stepping	: 1
test-tia	Iniciar Medi√ß√£o (Eco-CI)	2025-12-04T00:14:59.5887834Z microcode	: 0x64
test-tia	Iniciar Medi√ß√£o (Eco-CI)	2025-12-04T00:14:59.5887969Z cpu MHz		: 4200.000
test-tia	Iniciar Medi√ß√£o (Eco-CI)	2025-12-04T00:14:59.5888100Z cache size	: 12288 KB
test-tia	Iniciar Medi√ß√£o (Eco-CI)	2025-12-04T00:14:59.5888240Z physical id	: 0
test-tia	Iniciar Medi√ß√£o (Eco-CI)	2025-12-04T00:14:59.5888372Z siblings	: 12
test-tia	Iniciar Medi√ß√£o (Eco-CI)	2025-12-04T00:14:59.5888494Z core id		: 2
test-tia	Iniciar Medi√ß√£o (Eco-CI)	2025-12-04T00:14:59.5888620Z cpu cores	: 6
test-tia	Iniciar Medi√ß√£o (Eco-CI)	2025-12-04T00:14:59.5888746Z apicid		: 5
test-tia	Iniciar Medi√ß√£o (Eco-CI)	2025-12-04T00:14:59.5888869Z initial apicid	: 5
test-tia	Iniciar Medi√ß√£o (Eco-CI)	2025-12-04T00:14:59.5889001Z fpu		: yes
test-tia	Iniciar Medi√ß√£o (Eco-CI)	2025-12-04T00:14:59.5889129Z fpu_exception	: yes
test-tia	Iniciar Medi√ß√£o (Eco-CI)	2025-12-04T00:14:59.5889260Z cpuid level	: 27
test-tia	Iniciar Medi√ß√£o (Eco-CI)	2025-12-04T00:14:59.5889392Z wp		: yes
test-tia	Iniciar Medi√ß√£o (Eco-CI)	2025-12-04T00:14:59.5891485Z flags		: fpu vme de pse tsc msr pae mce cx8 apic sep mtrr pge mca cmov pat pse36 clflush dts acpi mmx fxsr sse sse2 ss ht tm pbe syscall nx pdpe1gb rdtscp lm constant_tsc art arch_perfmon pebs bts rep_good nopl xtopology nonstop_tsc cpuid aperfmperf tsc_known_freq pni pclmulqdq dtes64 monitor ds_cpl vmx smx est tm2 ssse3 sdbg fma cx16 xtpr pdcm pcid sse4_1 sse4_2 x2apic movbe popcnt tsc_deadline_timer aes xsave avx f16c rdrand lahf_lm abm 3dnowprefetch cpuid_fault epb ssbd ibrs ibpb stibp ibrs_enhanced tpr_shadow flexpriority ept vpid ept_ad fsgsbase tsc_adjust bmi1 avx2 smep bmi2 erms invpcid mpx avx512f avx512dq rdseed adx smap avx512ifma clflushopt intel_pt avx512cd sha_ni avx512bw avx512vl xsaveopt xsavec xgetbv1 xsaves dtherm ida arat pln pts hwp hwp_notify hwp_act_window hwp_epp hwp_pkg_req vnmi avx512vbmi umip pku ospke avx512_vbmi2 gfni vaes vpclmulqdq avx512_vnni avx512_bitalg avx512_vpopcntdq rdpid fsrm md_clear flush_l1d arch_capabilities
test-tia	Iniciar Medi√ß√£o (Eco-CI)	2025-12-04T00:14:59.5894317Z vmx flags	: vnmi preemption_timer posted_intr invvpid ept_x_only ept_ad ept_1gb flexpriority apicv tsc_offset vtpr mtf vapic ept vpid unrestricted_guest vapic_reg vid ple shadow_vmcs pml ept_violation_ve ept_mode_based_exec tsc_scaling
test-tia	Iniciar Medi√ß√£o (Eco-CI)	2025-12-04T00:14:59.5895079Z bugs		: spectre_v1 spectre_v2 spec_store_bypass swapgs mmio_stale_data retbleed eibrs_pbrsb gds bhi its its_native_only
test-tia	Iniciar Medi√ß√£o (Eco-CI)	2025-12-04T00:14:59.5895423Z bogomips	: 5424.00
test-tia	Iniciar Medi√ß√£o (Eco-CI)	2025-12-04T00:14:59.5895554Z clflush size	: 64
test-tia	Iniciar Medi√ß√£o (Eco-CI)	2025-12-04T00:14:59.5895696Z cache_alignment	: 64
test-tia	Iniciar Medi√ß√£o (Eco-CI)	2025-12-04T00:14:59.5895870Z address sizes	: 39 bits physical, 48 bits virtual
test-tia	Iniciar Medi√ß√£o (Eco-CI)	2025-12-04T00:14:59.5896067Z power management:
test-tia	Iniciar Medi√ß√£o (Eco-CI)	2025-12-04T00:14:59.5896149Z 
test-tia	Iniciar Medi√ß√£o (Eco-CI)	2025-12-04T00:14:59.5896205Z processor	: 9
test-tia	Iniciar Medi√ß√£o (Eco-CI)	2025-12-04T00:14:59.5896335Z vendor_id	: GenuineIntel
test-tia	Iniciar Medi√ß√£o (Eco-CI)	2025-12-04T00:14:59.5896485Z cpu family	: 6
test-tia	Iniciar Medi√ß√£o (Eco-CI)	2025-12-04T00:14:59.5896613Z model		: 167
test-tia	Iniciar Medi√ß√£o (Eco-CI)	2025-12-04T00:14:59.5896793Z model name	: 11th Gen Intel(R) Core(TM) i5-11500 @ 2.70GHz
test-tia	Iniciar Medi√ß√£o (Eco-CI)	2025-12-04T00:14:59.5897000Z stepping	: 1
test-tia	Iniciar Medi√ß√£o (Eco-CI)	2025-12-04T00:14:59.5897127Z microcode	: 0x64
test-tia	Iniciar Medi√ß√£o (Eco-CI)	2025-12-04T00:14:59.5897260Z cpu MHz		: 4200.064
test-tia	Iniciar Medi√ß√£o (Eco-CI)	2025-12-04T00:14:59.5897395Z cache size	: 12288 KB
test-tia	Iniciar Medi√ß√£o (Eco-CI)	2025-12-04T00:14:59.5897536Z physical id	: 0
test-tia	Iniciar Medi√ß√£o (Eco-CI)	2025-12-04T00:14:59.5897664Z siblings	: 12
test-tia	Iniciar Medi√ß√£o (Eco-CI)	2025-12-04T00:14:59.5897787Z core id		: 3
test-tia	Iniciar Medi√ß√£o (Eco-CI)	2025-12-04T00:14:59.5897910Z cpu cores	: 6
test-tia	Iniciar Medi√ß√£o (Eco-CI)	2025-12-04T00:14:59.5898115Z apicid		: 7
test-tia	Iniciar Medi√ß√£o (Eco-CI)	2025-12-04T00:14:59.5898240Z initial apicid	: 7
test-tia	Iniciar Medi√ß√£o (Eco-CI)	2025-12-04T00:14:59.5898371Z fpu		: yes
test-tia	Iniciar Medi√ß√£o (Eco-CI)	2025-12-04T00:14:59.5898495Z fpu_exception	: yes
test-tia	Iniciar Medi√ß√£o (Eco-CI)	2025-12-04T00:14:59.5898628Z cpuid level	: 27
test-tia	Iniciar Medi√ß√£o (Eco-CI)	2025-12-04T00:14:59.5898757Z wp		: yes
test-tia	Iniciar Medi√ß√£o (Eco-CI)	2025-12-04T00:14:59.5901184Z flags		: fpu vme de pse tsc msr pae mce cx8 apic sep mtrr pge mca cmov pat pse36 clflush dts acpi mmx fxsr sse sse2 ss ht tm pbe syscall nx pdpe1gb rdtscp lm constant_tsc art arch_perfmon pebs bts rep_good nopl xtopology nonstop_tsc cpuid aperfmperf tsc_known_freq pni pclmulqdq dtes64 monitor ds_cpl vmx smx est tm2 ssse3 sdbg fma cx16 xtpr pdcm pcid sse4_1 sse4_2 x2apic movbe popcnt tsc_deadline_timer aes xsave avx f16c rdrand lahf_lm abm 3dnowprefetch cpuid_fault epb ssbd ibrs ibpb stibp ibrs_enhanced tpr_shadow flexpriority ept vpid ept_ad fsgsbase tsc_adjust bmi1 avx2 smep bmi2 erms invpcid mpx avx512f avx512dq rdseed adx smap avx512ifma clflushopt intel_pt avx512cd sha_ni avx512bw avx512vl xsaveopt xsavec xgetbv1 xsaves dtherm ida arat pln pts hwp hwp_notify hwp_act_window hwp_epp hwp_pkg_req vnmi avx512vbmi umip pku ospke avx512_vbmi2 gfni vaes vpclmulqdq avx512_vnni avx512_bitalg avx512_vpopcntdq rdpid fsrm md_clear flush_l1d arch_capabilities
test-tia	Iniciar Medi√ß√£o (Eco-CI)	2025-12-04T00:14:59.5903817Z vmx flags	: vnmi preemption_timer posted_intr invvpid ept_x_only ept_ad ept_1gb flexpriority apicv tsc_offset vtpr mtf vapic ept vpid unrestricted_guest vapic_reg vid ple shadow_vmcs pml ept_violation_ve ept_mode_based_exec tsc_scaling
test-tia	Iniciar Medi√ß√£o (Eco-CI)	2025-12-04T00:14:59.5904720Z bugs		: spectre_v1 spectre_v2 spec_store_bypass swapgs mmio_stale_data retbleed eibrs_pbrsb gds bhi its its_native_only
test-tia	Iniciar Medi√ß√£o (Eco-CI)	2025-12-04T00:14:59.5905155Z bogomips	: 5424.00
test-tia	Iniciar Medi√ß√£o (Eco-CI)	2025-12-04T00:14:59.5905291Z clflush size	: 64
test-tia	Iniciar Medi√ß√£o (Eco-CI)	2025-12-04T00:14:59.5905426Z cache_alignment	: 64
test-tia	Iniciar Medi√ß√£o (Eco-CI)	2025-12-04T00:14:59.5905590Z address sizes	: 39 bits physical, 48 bits virtual
test-tia	Iniciar Medi√ß√£o (Eco-CI)	2025-12-04T00:14:59.5905777Z power management:
test-tia	Iniciar Medi√ß√£o (Eco-CI)	2025-12-04T00:14:59.5905862Z 
test-tia	Iniciar Medi√ß√£o (Eco-CI)	2025-12-04T00:14:59.5905914Z processor	: 10
test-tia	Iniciar Medi√ß√£o (Eco-CI)	2025-12-04T00:14:59.5906051Z vendor_id	: GenuineIntel
test-tia	Iniciar Medi√ß√£o (Eco-CI)	2025-12-04T00:14:59.5906197Z cpu family	: 6
test-tia	Iniciar Medi√ß√£o (Eco-CI)	2025-12-04T00:14:59.5906322Z model		: 167
test-tia	Iniciar Medi√ß√£o (Eco-CI)	2025-12-04T00:14:59.5906486Z model name	: 11th Gen Intel(R) Core(TM) i5-11500 @ 2.70GHz
test-tia	Iniciar Medi√ß√£o (Eco-CI)	2025-12-04T00:14:59.5906683Z stepping	: 1
test-tia	Iniciar Medi√ß√£o (Eco-CI)	2025-12-04T00:14:59.5906811Z microcode	: 0x64
test-tia	Iniciar Medi√ß√£o (Eco-CI)	2025-12-04T00:14:59.5906938Z cpu MHz		: 4164.115
test-tia	Iniciar Medi√ß√£o (Eco-CI)	2025-12-04T00:14:59.5907066Z cache size	: 12288 KB
test-tia	Iniciar Medi√ß√£o (Eco-CI)	2025-12-04T00:14:59.5907203Z physical id	: 0
test-tia	Iniciar Medi√ß√£o (Eco-CI)	2025-12-04T00:14:59.5907333Z siblings	: 12
test-tia	Iniciar Medi√ß√£o (Eco-CI)	2025-12-04T00:14:59.5907453Z core id		: 4
test-tia	Iniciar Medi√ß√£o (Eco-CI)	2025-12-04T00:14:59.5907578Z cpu cores	: 6
test-tia	Iniciar Medi√ß√£o (Eco-CI)	2025-12-04T00:14:59.5907702Z apicid		: 9
test-tia	Iniciar Medi√ß√£o (Eco-CI)	2025-12-04T00:14:59.5907819Z initial apicid	: 9
test-tia	Iniciar Medi√ß√£o (Eco-CI)	2025-12-04T00:14:59.5907949Z fpu		: yes
test-tia	Iniciar Medi√ß√£o (Eco-CI)	2025-12-04T00:14:59.5908073Z fpu_exception	: yes
test-tia	Iniciar Medi√ß√£o (Eco-CI)	2025-12-04T00:14:59.5908210Z cpuid level	: 27
test-tia	Iniciar Medi√ß√£o (Eco-CI)	2025-12-04T00:14:59.5908338Z wp		: yes
test-tia	Iniciar Medi√ß√£o (Eco-CI)	2025-12-04T00:14:59.5910339Z flags		: fpu vme de pse tsc msr pae mce cx8 apic sep mtrr pge mca cmov pat pse36 clflush dts acpi mmx fxsr sse sse2 ss ht tm pbe syscall nx pdpe1gb rdtscp lm constant_tsc art arch_perfmon pebs bts rep_good nopl xtopology nonstop_tsc cpuid aperfmperf tsc_known_freq pni pclmulqdq dtes64 monitor ds_cpl vmx smx est tm2 ssse3 sdbg fma cx16 xtpr pdcm pcid sse4_1 sse4_2 x2apic movbe popcnt tsc_deadline_timer aes xsave avx f16c rdrand lahf_lm abm 3dnowprefetch cpuid_fault epb ssbd ibrs ibpb stibp ibrs_enhanced tpr_shadow flexpriority ept vpid ept_ad fsgsbase tsc_adjust bmi1 avx2 smep bmi2 erms invpcid mpx avx512f avx512dq rdseed adx smap avx512ifma clflushopt intel_pt avx512cd sha_ni avx512bw avx512vl xsaveopt xsavec xgetbv1 xsaves dtherm ida arat pln pts hwp hwp_notify hwp_act_window hwp_epp hwp_pkg_req vnmi avx512vbmi umip pku ospke avx512_vbmi2 gfni vaes vpclmulqdq avx512_vnni avx512_bitalg avx512_vpopcntdq rdpid fsrm md_clear flush_l1d arch_capabilities
test-tia	Iniciar Medi√ß√£o (Eco-CI)	2025-12-04T00:14:59.5912852Z vmx flags	: vnmi preemption_timer posted_intr invvpid ept_x_only ept_ad ept_1gb flexpriority apicv tsc_offset vtpr mtf vapic ept vpid unrestricted_guest vapic_reg vid ple shadow_vmcs pml ept_violation_ve ept_mode_based_exec tsc_scaling
test-tia	Iniciar Medi√ß√£o (Eco-CI)	2025-12-04T00:14:59.5913834Z bugs		: spectre_v1 spectre_v2 spec_store_bypass swapgs mmio_stale_data retbleed eibrs_pbrsb gds bhi its its_native_only
test-tia	Iniciar Medi√ß√£o (Eco-CI)	2025-12-04T00:14:59.5914249Z bogomips	: 5424.00
test-tia	Iniciar Medi√ß√£o (Eco-CI)	2025-12-04T00:14:59.5914391Z clflush size	: 64
test-tia	Iniciar Medi√ß√£o (Eco-CI)	2025-12-04T00:14:59.5914535Z cache_alignment	: 64
test-tia	Iniciar Medi√ß√£o (Eco-CI)	2025-12-04T00:14:59.5914712Z address sizes	: 39 bits physical, 48 bits virtual
test-tia	Iniciar Medi√ß√£o (Eco-CI)	2025-12-04T00:14:59.5914912Z power management:
test-tia	Iniciar Medi√ß√£o (Eco-CI)	2025-12-04T00:14:59.5914998Z 
test-tia	Iniciar Medi√ß√£o (Eco-CI)	2025-12-04T00:14:59.5915055Z processor	: 11
test-tia	Iniciar Medi√ß√£o (Eco-CI)	2025-12-04T00:14:59.5915213Z vendor_id	: GenuineIntel
test-tia	Iniciar Medi√ß√£o (Eco-CI)	2025-12-04T00:14:59.5915366Z cpu family	: 6
test-tia	Iniciar Medi√ß√£o (Eco-CI)	2025-12-04T00:14:59.5915490Z model		: 167
test-tia	Iniciar Medi√ß√£o (Eco-CI)	2025-12-04T00:14:59.5915688Z model name	: 11th Gen Intel(R) Core(TM) i5-11500 @ 2.70GHz
test-tia	Iniciar Medi√ß√£o (Eco-CI)	2025-12-04T00:14:59.5915973Z stepping	: 1
test-tia	Iniciar Medi√ß√£o (Eco-CI)	2025-12-04T00:14:59.5916099Z microcode	: 0x64
test-tia	Iniciar Medi√ß√£o (Eco-CI)	2025-12-04T00:14:59.5916237Z cpu MHz		: 4199.957
test-tia	Iniciar Medi√ß√£o (Eco-CI)	2025-12-04T00:14:59.5916377Z cache size	: 12288 KB
test-tia	Iniciar Medi√ß√£o (Eco-CI)	2025-12-04T00:14:59.5916518Z physical id	: 0
test-tia	Iniciar Medi√ß√£o (Eco-CI)	2025-12-04T00:14:59.5916651Z siblings	: 12
test-tia	Iniciar Medi√ß√£o (Eco-CI)	2025-12-04T00:14:59.5916783Z core id		: 5
test-tia	Iniciar Medi√ß√£o (Eco-CI)	2025-12-04T00:14:59.5916905Z cpu cores	: 6
test-tia	Iniciar Medi√ß√£o (Eco-CI)	2025-12-04T00:14:59.5917042Z apicid		: 11
test-tia	Iniciar Medi√ß√£o (Eco-CI)	2025-12-04T00:14:59.5917175Z initial apicid	: 11
test-tia	Iniciar Medi√ß√£o (Eco-CI)	2025-12-04T00:14:59.5917308Z fpu		: yes
test-tia	Iniciar Medi√ß√£o (Eco-CI)	2025-12-04T00:14:59.5917448Z fpu_exception	: yes
test-tia	Iniciar Medi√ß√£o (Eco-CI)	2025-12-04T00:14:59.5917587Z cpuid level	: 27
test-tia	Iniciar Medi√ß√£o (Eco-CI)	2025-12-04T00:14:59.5917726Z wp		: yes
test-tia	Iniciar Medi√ß√£o (Eco-CI)	2025-12-04T00:14:59.5919755Z flags		: fpu vme de pse tsc msr pae mce cx8 apic sep mtrr pge mca cmov pat pse36 clflush dts acpi mmx fxsr sse sse2 ss ht tm pbe syscall nx pdpe1gb rdtscp lm constant_tsc art arch_perfmon pebs bts rep_good nopl xtopology nonstop_tsc cpuid aperfmperf tsc_known_freq pni pclmulqdq dtes64 monitor ds_cpl vmx smx est tm2 ssse3 sdbg fma cx16 xtpr pdcm pcid sse4_1 sse4_2 x2apic movbe popcnt tsc_deadline_timer aes xsave avx f16c rdrand lahf_lm abm 3dnowprefetch cpuid_fault epb ssbd ibrs ibpb stibp ibrs_enhanced tpr_shadow flexpriority ept vpid ept_ad fsgsbase tsc_adjust bmi1 avx2 smep bmi2 erms invpcid mpx avx512f avx512dq rdseed adx smap avx512ifma clflushopt intel_pt avx512cd sha_ni avx512bw avx512vl xsaveopt xsavec xgetbv1 xsaves dtherm ida arat pln pts hwp hwp_notify hwp_act_window hwp_epp hwp_pkg_req vnmi avx512vbmi umip pku ospke avx512_vbmi2 gfni vaes vpclmulqdq avx512_vnni avx512_bitalg avx512_vpopcntdq rdpid fsrm md_clear flush_l1d arch_capabilities
test-tia	Iniciar Medi√ß√£o (Eco-CI)	2025-12-04T00:14:59.5922237Z vmx flags	: vnmi preemption_timer posted_intr invvpid ept_x_only ept_ad ept_1gb flexpriority apicv tsc_offset vtpr mtf vapic ept vpid unrestricted_guest vapic_reg vid ple shadow_vmcs pml ept_violation_ve ept_mode_based_exec tsc_scaling
test-tia	Iniciar Medi√ß√£o (Eco-CI)	2025-12-04T00:14:59.5923008Z bugs		: spectre_v1 spectre_v2 spec_store_bypass swapgs mmio_stale_data retbleed eibrs_pbrsb gds bhi its its_native_only
test-tia	Iniciar Medi√ß√£o (Eco-CI)	2025-12-04T00:14:59.5923360Z bogomips	: 5424.00
test-tia	Iniciar Medi√ß√£o (Eco-CI)	2025-12-04T00:14:59.5923500Z clflush size	: 64
test-tia	Iniciar Medi√ß√£o (Eco-CI)	2025-12-04T00:14:59.5923636Z cache_alignment	: 64
test-tia	Iniciar Medi√ß√£o (Eco-CI)	2025-12-04T00:14:59.5923813Z address sizes	: 39 bits physical, 48 bits virtual
test-tia	Iniciar Medi√ß√£o (Eco-CI)	2025-12-04T00:14:59.5924064Z power management:
test-tia	Iniciar Medi√ß√£o (Eco-CI)	2025-12-04T00:14:59.5924159Z 
test-tia	Iniciar Medi√ß√£o (Eco-CI)	2025-12-04T00:14:59.5924214Z Full memory info
test-tia	Iniciar Medi√ß√£o (Eco-CI)	2025-12-04T00:14:59.5924420Z MemTotal:       15540600 kB
test-tia	Iniciar Medi√ß√£o (Eco-CI)	2025-12-04T00:14:59.5924582Z MemFree:          336776 kB
test-tia	Iniciar Medi√ß√£o (Eco-CI)	2025-12-04T00:14:59.5924750Z MemAvailable:    5384124 kB
test-tia	Iniciar Medi√ß√£o (Eco-CI)	2025-12-04T00:14:59.5924919Z Buffers:          198568 kB
test-tia	Iniciar Medi√ß√£o (Eco-CI)	2025-12-04T00:14:59.5925128Z Cached:          5516444 kB
test-tia	Iniciar Medi√ß√£o (Eco-CI)	2025-12-04T00:14:59.5925353Z SwapCached:        11948 kB
test-tia	Iniciar Medi√ß√£o (Eco-CI)	2025-12-04T00:14:59.5925556Z Active:          5231608 kB
test-tia	Iniciar Medi√ß√£o (Eco-CI)	2025-12-04T00:14:59.5925769Z Inactive:        8190756 kB
test-tia	Iniciar Medi√ß√£o (Eco-CI)	2025-12-04T00:14:59.5925972Z Active(anon):    3558432 kB
test-tia	Iniciar Medi√ß√£o (Eco-CI)	2025-12-04T00:14:59.5926178Z Inactive(anon):  4852372 kB
test-tia	Iniciar Medi√ß√£o (Eco-CI)	2025-12-04T00:14:59.5926424Z Active(file):    1673176 kB
test-tia	Iniciar Medi√ß√£o (Eco-CI)	2025-12-04T00:14:59.5926673Z Inactive(file):  3338384 kB
test-tia	Iniciar Medi√ß√£o (Eco-CI)	2025-12-04T00:14:59.5926938Z Unevictable:         752 kB
test-tia	Iniciar Medi√ß√£o (Eco-CI)	2025-12-04T00:14:59.5927197Z Mlocked:             608 kB
test-tia	Iniciar Medi√ß√£o (Eco-CI)	2025-12-04T00:14:59.5927399Z SwapTotal:       4194300 kB
test-tia	Iniciar Medi√ß√£o (Eco-CI)	2025-12-04T00:14:59.5927606Z SwapFree:        2806756 kB
test-tia	Iniciar Medi√ß√£o (Eco-CI)	2025-12-04T00:14:59.5927820Z Zswap:                 0 kB
test-tia	Iniciar Medi√ß√£o (Eco-CI)	2025-12-04T00:14:59.5928225Z Zswapped:              0 kB
test-tia	Iniciar Medi√ß√£o (Eco-CI)	2025-12-04T00:14:59.5928460Z Dirty:            425544 kB
test-tia	Iniciar Medi√ß√£o (Eco-CI)	2025-12-04T00:14:59.5928664Z Writeback:             0 kB
test-tia	Iniciar Medi√ß√£o (Eco-CI)	2025-12-04T00:14:59.5928872Z AnonPages:       7702528 kB
test-tia	Iniciar Medi√ß√£o (Eco-CI)	2025-12-04T00:14:59.5929091Z Mapped:          2048368 kB
test-tia	Iniciar Medi√ß√£o (Eco-CI)	2025-12-04T00:14:59.5929313Z Shmem:            881020 kB
test-tia	Iniciar Medi√ß√£o (Eco-CI)	2025-12-04T00:14:59.5929547Z KReclaimable:     375568 kB
test-tia	Iniciar Medi√ß√£o (Eco-CI)	2025-12-04T00:14:59.5929794Z Slab:             839524 kB
test-tia	Iniciar Medi√ß√£o (Eco-CI)	2025-12-04T00:14:59.5930008Z SReclaimable:     375568 kB
test-tia	Iniciar Medi√ß√£o (Eco-CI)	2025-12-04T00:14:59.5930228Z SUnreclaim:       463956 kB
test-tia	Iniciar Medi√ß√£o (Eco-CI)	2025-12-04T00:14:59.5930460Z KernelStack:       45760 kB
test-tia	Iniciar Medi√ß√£o (Eco-CI)	2025-12-04T00:14:59.5930681Z PageTables:       135480 kB
test-tia	Iniciar Medi√ß√£o (Eco-CI)	2025-12-04T00:14:59.5930913Z SecPageTables:      5324 kB
test-tia	Iniciar Medi√ß√£o (Eco-CI)	2025-12-04T00:14:59.5953255Z NFS_Unstable:          0 kB
test-tia	Iniciar Medi√ß√£o (Eco-CI)	2025-12-04T00:14:59.5955278Z Bounce:                0 kB
test-tia	Iniciar Medi√ß√£o (Eco-CI)	2025-12-04T00:14:59.5955574Z WritebackTmp:          0 kB
test-tia	Iniciar Medi√ß√£o (Eco-CI)	2025-12-04T00:14:59.5955831Z CommitLimit:    11964600 kB
test-tia	Iniciar Medi√ß√£o (Eco-CI)	2025-12-04T00:14:59.5956086Z Committed_AS:   69746824 kB
test-tia	Iniciar Medi√ß√£o (Eco-CI)	2025-12-04T00:14:59.5956364Z VmallocTotal:   34359738367 kB
test-tia	Iniciar Medi√ß√£o (Eco-CI)	2025-12-04T00:14:59.5956631Z VmallocUsed:      145496 kB
test-tia	Iniciar Medi√ß√£o (Eco-CI)	2025-12-04T00:14:59.5956892Z VmallocChunk:          0 kB
test-tia	Iniciar Medi√ß√£o (Eco-CI)	2025-12-04T00:14:59.5957141Z Percpu:            15312 kB
test-tia	Iniciar Medi√ß√£o (Eco-CI)	2025-12-04T00:14:59.5957390Z HardwareCorrupted:     0 kB
test-tia	Iniciar Medi√ß√£o (Eco-CI)	2025-12-04T00:14:59.5957652Z AnonHugePages:         0 kB
test-tia	Iniciar Medi√ß√£o (Eco-CI)	2025-12-04T00:14:59.5957920Z ShmemHugePages:        0 kB
test-tia	Iniciar Medi√ß√£o (Eco-CI)	2025-12-04T00:14:59.5958181Z ShmemPmdMapped:        0 kB
test-tia	Iniciar Medi√ß√£o (Eco-CI)	2025-12-04T00:14:59.5958455Z FileHugePages:         0 kB
test-tia	Iniciar Medi√ß√£o (Eco-CI)	2025-12-04T00:14:59.5958713Z FilePmdMapped:         0 kB
test-tia	Iniciar Medi√ß√£o (Eco-CI)	2025-12-04T00:14:59.5958965Z Unaccepted:            0 kB
test-tia	Iniciar Medi√ß√£o (Eco-CI)	2025-12-04T00:14:59.5959226Z HugePages_Total:       0
test-tia	Iniciar Medi√ß√£o (Eco-CI)	2025-12-04T00:14:59.5959491Z HugePages_Free:        0
test-tia	Iniciar Medi√ß√£o (Eco-CI)	2025-12-04T00:14:59.5959799Z HugePages_Rsvd:        0
test-tia	Iniciar Medi√ß√£o (Eco-CI)	2025-12-04T00:14:59.5960061Z HugePages_Surp:        0
test-tia	Iniciar Medi√ß√£o (Eco-CI)	2025-12-04T00:14:59.5960285Z Hugepagesize:       2048 kB
test-tia	Iniciar Medi√ß√£o (Eco-CI)	2025-12-04T00:14:59.5960498Z Hugetlb:               0 kB
test-tia	Iniciar Medi√ß√£o (Eco-CI)	2025-12-04T00:14:59.5960720Z DirectMap4k:     3916688 kB
test-tia	Iniciar Medi√ß√£o (Eco-CI)	2025-12-04T00:14:59.5960961Z DirectMap2M:    12550144 kB
test-tia	Iniciar Medi√ß√£o (Eco-CI)	2025-12-04T00:14:59.5961189Z DirectMap1G:     1048576 kB
test-tia	Iniciar Medi√ß√£o (Eco-CI)	2025-12-04T00:14:59.5961465Z Using github_EPYC_7763_4_CPU_shared.sh
test-tia	Iniciar Medi√ß√£o (Eco-CI)	2025-12-04T00:15:04.6541513Z Failed to retrieve data or received invalid JSON. Exiting
test-tia	Iniciar Medi√ß√£o (Eco-CI)	2025-12-04T00:15:05.2473513Z Required carbonIntensity is missing.\nResponse is {"error":"Invalid auth-token","message":"Please provide a valid authentication header. See https://app.electricitymaps.com/docs/getting-started#authorization for details"}\nExiting
test-tia	Iniciar Medi√ß√£o (Eco-CI)	2025-12-04T00:15:05.3537882Z Using bash mode inference
test-tia	Rodar Testes (TIA)	Ôªø2025-12-04T00:15:05.4314056Z ##[group]Run # --testmon executa apenas o que foi impactado
test-tia	Rodar Testes (TIA)	2025-12-04T00:15:05.4314428Z [36;1m# --testmon executa apenas o que foi impactado[0m
test-tia	Rodar Testes (TIA)	2025-12-04T00:15:05.4314714Z [36;1mpython -m pytest --testmon src/test_app.py -v[0m
test-tia	Rodar Testes (TIA)	2025-12-04T00:15:05.4336475Z shell: /usr/bin/bash -e {0}
test-tia	Rodar Testes (TIA)	2025-12-04T00:15:05.4336667Z ##[endgroup]
test-tia	Rodar Testes (TIA)	2025-12-04T00:15:05.6809597Z ============================= test session starts ==============================
test-tia	Rodar Testes (TIA)	2025-12-04T00:15:05.6810330Z platform linux -- Python 3.12.3, pytest-7.4.3, pluggy-1.6.0 -- /media/marcelo/dev2/mestrado/green/actions-runner/_work/green-metrics-ci/green-metrics-ci/venv/bin/python
test-tia	Rodar Testes (TIA)	2025-12-04T00:15:05.6810816Z cachedir: .pytest_cache
test-tia	Rodar Testes (TIA)	2025-12-04T00:15:05.6811188Z testmon: The packages installed in your Python environment have been changed. All tests have to be re-executed. environment: default
test-tia	Rodar Testes (TIA)	2025-12-04T00:15:05.6811730Z rootdir: /media/marcelo/dev2/mestrado/green/actions-runner/_work/green-metrics-ci/green-metrics-ci
test-tia	Rodar Testes (TIA)	2025-12-04T00:15:05.6812096Z plugins: cov-4.1.0, testmon-2.1.1, xdist-3.5.0
test-tia	Rodar Testes (TIA)	2025-12-04T00:15:05.6868428Z collecting ... collected 6 items / 6 deselected / 0 selected
test-tia	Rodar Testes (TIA)	2025-12-04T00:15:05.6868765Z 
test-tia	Rodar Testes (TIA)	2025-12-04T00:15:05.6868860Z ============================ 6 deselected in 0.01s =============================
test-tia	Coletar M√©tricas	Ôªø2025-12-04T00:15:05.7257841Z ##[group]Run green-coding-solutions/eco-ci-energy-estimation@v4
test-tia	Coletar M√©tricas	2025-12-04T00:15:05.7258099Z with:
test-tia	Coletar M√©tricas	2025-12-04T00:15:05.7258358Z   task: get-measurement
test-tia	Coletar M√©tricas	2025-12-04T00:15:05.7258503Z   label: tia-tests
test-tia	Coletar M√©tricas	2025-12-04T00:15:05.7258630Z   branch: main
test-tia	Coletar M√©tricas	2025-12-04T00:15:05.7258798Z   machine-power-data: github_EPYC_7763_4_CPU_shared.sh
test-tia	Coletar M√©tricas	2025-12-04T00:15:05.7258992Z   send-data: true
test-tia	Coletar M√©tricas	2025-12-04T00:15:05.7259128Z   calculate-co2: true
test-tia	Coletar M√©tricas	2025-12-04T00:15:05.7259266Z   display-table: true
test-tia	Coletar M√©tricas	2025-12-04T00:15:05.7259402Z   display-badge: true
test-tia	Coletar M√©tricas	2025-12-04T00:15:05.7259536Z   pr-comment: false
test-tia	Coletar M√©tricas	2025-12-04T00:15:05.7259666Z   json-output: false
test-tia	Coletar M√©tricas	2025-12-04T00:15:05.7259820Z   gh-api-base: https://api.github.com
test-tia	Coletar M√©tricas	2025-12-04T00:15:05.7259997Z   type: machine.ci
test-tia	Coletar M√©tricas	2025-12-04T00:15:05.7260127Z   project: CI/CD
test-tia	Coletar M√©tricas	2025-12-04T00:15:05.7260257Z   machine: ubuntu-latest
test-tia	Coletar M√©tricas	2025-12-04T00:15:05.7260487Z   api-endpoint-add: https://api.green-coding.io/v2/ci/measurement/add
test-tia	Coletar M√©tricas	2025-12-04T00:15:05.7260930Z   api-endpoint-badge-get: https://api.green-coding.io/v1/ci/badge/get
test-tia	Coletar M√©tricas	2025-12-04T00:15:05.7261311Z   dashboard-url: https://metrics.green-coding.io
test-tia	Coletar M√©tricas	2025-12-04T00:15:05.7261575Z ##[endgroup]
test-tia	Coletar M√©tricas	2025-12-04T00:15:05.7293362Z ##[group]Run label='tia-tests'
test-tia	Coletar M√©tricas	2025-12-04T00:15:05.7293579Z [36;1mlabel='tia-tests'[0m
test-tia	Coletar M√©tricas	2025-12-04T00:15:05.7293769Z [36;1mlabel_cleaned=$(echo "$label" | tr -d "$&;\'")[0m
test-tia	Coletar M√©tricas	2025-12-04T00:15:05.7294043Z [36;1mecho "Cleaned label: $label_cleaned"[0m
test-tia	Coletar M√©tricas	2025-12-04T00:15:05.7294632Z [36;1m"/media/marcelo/dev2/mestrado/green/actions-runner/_work/_actions/green-coding-solutions/eco-ci-energy-estimation/v4/scripts/make_measurement.sh" make_measurement "$label_cleaned"[0m
test-tia	Coletar M√©tricas	2025-12-04T00:15:05.7295288Z [36;1mdata_file="/tmp/test.bash"[0m
test-tia	Coletar M√©tricas	2025-12-04T00:15:05.7295484Z [36;1mlap_data_file="/tmp/eco-ci/lap-data.json"[0m
test-tia	Coletar M√©tricas	2025-12-04T00:15:05.7295692Z [36;1mif [[ -e $lap_data_file ]]; then[0m
test-tia	Coletar M√©tricas	2025-12-04T00:15:05.7295918Z [36;1m  echo "data-lap-json=$(cat $lap_data_file)" >> $GITHUB_OUTPUT[0m
test-tia	Coletar M√©tricas	2025-12-04T00:15:05.7296131Z [36;1mfi[0m
test-tia	Coletar M√©tricas	2025-12-04T00:15:05.7316668Z shell: /usr/bin/bash --noprofile --norc -e -o pipefail {0}
test-tia	Coletar M√©tricas	2025-12-04T00:15:05.7316893Z env:
test-tia	Coletar M√©tricas	2025-12-04T00:15:05.7317036Z   NAME: 03-TIA (Test Impact Analysis)
test-tia	Coletar M√©tricas	2025-12-04T00:15:05.7317206Z ##[endgroup]
test-tia	Coletar M√©tricas	2025-12-04T00:15:05.7375026Z Cleaned label: tia-tests
test-tia	Coletar M√©tricas	2025-12-04T00:15:05.7462209Z Backfilling  0.180563000 s in step with  13.56
test-tia	Coletar M√©tricas	2025-12-04T00:15:05.7470699Z Using bash mode inference
test-tia	Coletar M√©tricas	2025-12-04T00:15:05.7778645Z Sending data to https://api.green-coding.io/v2/ci/measurement/add
test-tia	Coletar M√©tricas	2025-12-04T00:15:05.7812137Z Failed to get carbon intensity data.
test-tia	Coletar M√©tricas	2025-12-04T00:15:06.7358053Z Backfilling  0.991981000 s in cpu-util-total with  13.56
test-tia	Coletar M√©tricas	2025-12-04T00:15:06.7583664Z Backfilling  0.991981000 s in energy-total with  3.741490535736084
test-tia	Salvar Cache TIA	Ôªø2025-12-04T00:15:06.7951843Z ##[group]Run actions/cache/save@v3
test-tia	Salvar Cache TIA	2025-12-04T00:15:06.7952041Z with:
test-tia	Salvar Cache TIA	2025-12-04T00:15:06.7952168Z   path: .testmondata
test-tia	Salvar Cache TIA	2025-12-04T00:15:06.7952333Z   key: testmon-Linux-refs/heads/main-19913089911
test-tia	Salvar Cache TIA	2025-12-04T00:15:06.7952542Z   enableCrossOsArchive: false
test-tia	Salvar Cache TIA	2025-12-04T00:15:06.7952706Z ##[endgroup]
test-tia	Salvar Cache TIA	2025-12-04T00:15:06.9023722Z [command]/usr/bin/tar --posix -cf cache.tzst --exclude cache.tzst -P -C /media/marcelo/dev2/mestrado/green/actions-runner/_work/green-metrics-ci/green-metrics-ci --files-from manifest.txt --use-compress-program zstdmt
test-tia	Salvar Cache TIA	2025-12-04T00:15:08.0001199Z Sent 2861 of 2861 (100.0%), 0.0 MBs/sec
test-tia	Salvar Cache TIA	2025-12-04T00:15:08.2742219Z Cache saved with key: testmon-Linux-refs/heads/main-19913089911
test-tia	Exibir Resultados	Ôªø2025-12-04T00:15:08.3000690Z ##[group]Run green-coding-solutions/eco-ci-energy-estimation@v4
test-tia	Exibir Resultados	2025-12-04T00:15:08.3000974Z with:
test-tia	Exibir Resultados	2025-12-04T00:15:08.3001111Z   task: display-results
test-tia	Exibir Resultados	2025-12-04T00:15:08.3001264Z   json-output: true
test-tia	Exibir Resultados	2025-12-04T00:15:08.3001403Z   branch: main
test-tia	Exibir Resultados	2025-12-04T00:15:08.3001583Z   machine-power-data: github_EPYC_7763_4_CPU_shared.sh
test-tia	Exibir Resultados	2025-12-04T00:15:08.3001797Z   send-data: true
test-tia	Exibir Resultados	2025-12-04T00:15:08.3001939Z   calculate-co2: true
test-tia	Exibir Resultados	2025-12-04T00:15:08.3002087Z   display-table: true
test-tia	Exibir Resultados	2025-12-04T00:15:08.3002228Z   display-badge: true
test-tia	Exibir Resultados	2025-12-04T00:15:08.3002376Z   pr-comment: false
test-tia	Exibir Resultados	2025-12-04T00:15:08.3002540Z   gh-api-base: https://api.github.com
test-tia	Exibir Resultados	2025-12-04T00:15:08.3002870Z   type: machine.ci
test-tia	Exibir Resultados	2025-12-04T00:15:08.3003013Z   project: CI/CD
test-tia	Exibir Resultados	2025-12-04T00:15:08.3003155Z   machine: ubuntu-latest
test-tia	Exibir Resultados	2025-12-04T00:15:08.3003396Z   api-endpoint-add: https://api.green-coding.io/v2/ci/measurement/add
test-tia	Exibir Resultados	2025-12-04T00:15:08.3003733Z   api-endpoint-badge-get: https://api.green-coding.io/v1/ci/badge/get
test-tia	Exibir Resultados	2025-12-04T00:15:08.3004110Z   dashboard-url: https://metrics.green-coding.io
test-tia	Exibir Resultados	2025-12-04T00:15:08.3004357Z ##[endgroup]
test-tia	Exibir Resultados	2025-12-04T00:15:08.3094140Z ##[group]Run /media/marcelo/dev2/mestrado/green/actions-runner/_work/_actions/green-coding-solutions/eco-ci-energy-estimation/v4/scripts/display_results.sh display_results "true" "true"
test-tia	Exibir Resultados	2025-12-04T00:15:08.3095083Z [36;1m/media/marcelo/dev2/mestrado/green/actions-runner/_work/_actions/green-coding-solutions/eco-ci-energy-estimation/v4/scripts/display_results.sh display_results "true" "true"[0m
test-tia	Exibir Resultados	2025-12-04T00:15:08.3095674Z [36;1mcat "/tmp/eco-ci/output.txt" >> $GITHUB_STEP_SUMMARY[0m
test-tia	Exibir Resultados	2025-12-04T00:15:08.3095926Z [36;1mtotal_data_file="/tmp/eco-ci/total-data.json"[0m
test-tia	Exibir Resultados	2025-12-04T00:15:08.3096164Z [36;1mif [[ -e $total_data_file ]]; then[0m
test-tia	Exibir Resultados	2025-12-04T00:15:08.3096409Z [36;1m  echo "data-total-json=$(cat $total_data_file)" >> $GITHUB_OUTPUT[0m
test-tia	Exibir Resultados	2025-12-04T00:15:08.3096636Z [36;1mfi[0m
test-tia	Exibir Resultados	2025-12-04T00:15:08.3096788Z [36;1mecho "Checking if PR comment is needed"[0m
test-tia	Exibir Resultados	2025-12-04T00:15:08.3097000Z [36;1mecho "inputs.pr-comment: false"[0m
test-tia	Exibir Resultados	2025-12-04T00:15:08.3097211Z [36;1mecho "github.event_name: workflow_dispatch"[0m
test-tia	Exibir Resultados	2025-12-04T00:15:08.3117301Z shell: /usr/bin/bash --noprofile --norc -e -o pipefail {0}
test-tia	Exibir Resultados	2025-12-04T00:15:08.3117538Z ##[endgroup]
test-tia	Exibir Resultados	2025-12-04T00:15:08.3909742Z |Label|üñ• avg. CPU utilization [%]|üîã Total Energy [Joules]|üîå avg. Power [Watts]|Duration [Seconds]|
test-tia	Exibir Resultados	2025-12-04T00:15:08.3925748Z |---|---|---|---|---|
test-tia	Exibir Resultados	2025-12-04T00:15:08.3955523Z |tia-tests|13.006|22.6706|3.66|6.19|
test-tia	Exibir Resultados	2025-12-04T00:15:08.4079331Z |---|---|---|---|---|
test-tia	Exibir Resultados	2025-12-04T00:15:08.4087916Z |Total Run|13.01|22.67|3.66|6.19|
test-tia	Exibir Resultados	2025-12-04T00:15:08.4096515Z |---|---|---|---|---|
test-tia	Exibir Resultados	2025-12-04T00:15:08.4105570Z |Additional overhead from Eco CI|N/A|3.71|1.40|2.65|
test-tia	Exibir Resultados	2025-12-04T00:15:08.4113471Z 
test-tia	Exibir Resultados	2025-12-04T00:15:08.4184699Z Failed to get carbon intensity data.
test-tia	Exibir Resultados	2025-12-04T00:15:08.4209353Z ‚ùå CO2 Data:
test-tia	Exibir Resultados	2025-12-04T00:15:08.4216836Z Error in retrieving values. Please see the detailed logs for the exact error messages!
test-tia	Exibir Resultados	2025-12-04T00:15:08.4227462Z Checking if PR comment is needed
test-tia	Exibir Resultados	2025-12-04T00:15:08.4227779Z inputs.pr-comment: false
test-tia	Exibir Resultados	2025-12-04T00:15:08.4228039Z github.event_name: workflow_dispatch
test-tia	Post Checkout Code	Ôªø2025-12-04T00:15:08.4591956Z Post job cleanup.
test-tia	Post Checkout Code	2025-12-04T00:15:08.7779901Z [command]/usr/bin/git version
test-tia	Post Checkout Code	2025-12-04T00:15:08.7808565Z git version 2.48.1
test-tia	Post Checkout Code	2025-12-04T00:15:08.7836862Z Copying '/home/marcelo/.gitconfig' to '/media/marcelo/dev2/mestrado/green/actions-runner/_work/_temp/1382dded-6bd4-4420-8ba9-b282f058d66b/.gitconfig'
test-tia	Post Checkout Code	2025-12-04T00:15:08.7973784Z Temporarily overriding HOME='/media/marcelo/dev2/mestrado/green/actions-runner/_work/_temp/1382dded-6bd4-4420-8ba9-b282f058d66b' before making global git config changes
test-tia	Post Checkout Code	2025-12-04T00:15:08.7974933Z Adding repository directory to the temporary git global config as a safe directory
test-tia	Post Checkout Code	2025-12-04T00:15:08.7980359Z [command]/usr/bin/git config --global --add safe.directory /media/marcelo/dev2/mestrado/green/actions-runner/_work/green-metrics-ci/green-metrics-ci
test-tia	Post Checkout Code	2025-12-04T00:15:08.8033128Z [command]/usr/bin/git config --local --name-only --get-regexp core\.sshCommand
test-tia	Post Checkout Code	2025-12-04T00:15:08.8058163Z [command]/usr/bin/git submodule foreach --recursive sh -c "git config --local --name-only --get-regexp 'core\.sshCommand' && git config --local --unset-all 'core.sshCommand' || :"
test-tia	Post Checkout Code	2025-12-04T00:15:08.8212959Z [command]/usr/bin/git config --local --name-only --get-regexp http\.https\:\/\/github\.com\/\.extraheader
test-tia	Post Checkout Code	2025-12-04T00:15:08.8228551Z http.https://github.com/.extraheader
test-tia	Post Checkout Code	2025-12-04T00:15:08.8236284Z [command]/usr/bin/git config --local --unset-all http.https://github.com/.extraheader
test-tia	Post Checkout Code	2025-12-04T00:15:08.8279667Z [command]/usr/bin/git submodule foreach --recursive sh -c "git config --local --name-only --get-regexp 'http\.https\:\/\/github\.com\/\.extraheader' && git config --local --unset-all 'http.https://github.com/.extraheader' || :"
test-tia	Post Checkout Code	2025-12-04T00:15:08.8433857Z [command]/usr/bin/git config --local --name-only --get-regexp ^includeIf\.gitdir:
test-tia	Post Checkout Code	2025-12-04T00:15:08.8461578Z [command]/usr/bin/git submodule foreach --recursive git config --local --show-origin --name-only --get-regexp remote.origin.url
test-tia	Complete job	Ôªø2025-12-04T00:15:08.8691747Z Cleaning up orphan processes
test-tia	Complete job	2025-12-04T00:15:08.9356196Z Terminate orphan process: pid (730605) (bash)
test-tia	Complete job	2025-12-04T00:15:08.9374036Z Terminate orphan process: pid (730754) (sleep)
